Archive member included to satisfy reference by file (symbol)

C:/ProgramData/MATLAB/SupportPackages/R2022a/3P.instrset/cmsis.instrset/CMSIS/RTOS/RTX/LIB/GCC/libRTX_CM4.a(rt_cmsis.o)
                              RTX_Conf_CM.o (osKernelInitialize)
C:/ProgramData/MATLAB/SupportPackages/R2022a/3P.instrset/cmsis.instrset/CMSIS/RTOS/RTX/LIB/GCC/libRTX_CM4.a(hal_cm.o)
                              C:/ProgramData/MATLAB/SupportPackages/R2022a/3P.instrset/cmsis.instrset/CMSIS/RTOS/RTX/LIB/GCC/libRTX_CM4.a(rt_cmsis.o) (rt_ret_val)
C:/ProgramData/MATLAB/SupportPackages/R2022a/3P.instrset/cmsis.instrset/CMSIS/RTOS/RTX/LIB/GCC/libRTX_CM4.a(rt_memory.o)
                              C:/ProgramData/MATLAB/SupportPackages/R2022a/3P.instrset/cmsis.instrset/CMSIS/RTOS/RTX/LIB/GCC/libRTX_CM4.a(rt_cmsis.o) (rt_init_mem)
C:/ProgramData/MATLAB/SupportPackages/R2022a/3P.instrset/cmsis.instrset/CMSIS/RTOS/RTX/LIB/GCC/libRTX_CM4.a(rt_membox.o)
                              C:/ProgramData/MATLAB/SupportPackages/R2022a/3P.instrset/cmsis.instrset/CMSIS/RTOS/RTX/LIB/GCC/libRTX_CM4.a(rt_cmsis.o) (_init_box)
C:/ProgramData/MATLAB/SupportPackages/R2022a/3P.instrset/cmsis.instrset/CMSIS/RTOS/RTX/LIB/GCC/libRTX_CM4.a(rt_mutex.o)
                              C:/ProgramData/MATLAB/SupportPackages/R2022a/3P.instrset/cmsis.instrset/CMSIS/RTOS/RTX/LIB/GCC/libRTX_CM4.a(rt_cmsis.o) (rt_mut_init)
C:/ProgramData/MATLAB/SupportPackages/R2022a/3P.instrset/cmsis.instrset/CMSIS/RTOS/RTX/LIB/GCC/libRTX_CM4.a(rt_time.o)
                              C:/ProgramData/MATLAB/SupportPackages/R2022a/3P.instrset/cmsis.instrset/CMSIS/RTOS/RTX/LIB/GCC/libRTX_CM4.a(rt_cmsis.o) (os_time)
C:/ProgramData/MATLAB/SupportPackages/R2022a/3P.instrset/cmsis.instrset/CMSIS/RTOS/RTX/LIB/GCC/libRTX_CM4.a(rt_semaphore.o)
                              C:/ProgramData/MATLAB/SupportPackages/R2022a/3P.instrset/cmsis.instrset/CMSIS/RTOS/RTX/LIB/GCC/libRTX_CM4.a(rt_cmsis.o) (rt_sem_init)
C:/ProgramData/MATLAB/SupportPackages/R2022a/3P.instrset/cmsis.instrset/CMSIS/RTOS/RTX/LIB/GCC/libRTX_CM4.a(rt_mailbox.o)
                              C:/ProgramData/MATLAB/SupportPackages/R2022a/3P.instrset/cmsis.instrset/CMSIS/RTOS/RTX/LIB/GCC/libRTX_CM4.a(rt_cmsis.o) (rt_mbx_init)
C:/ProgramData/MATLAB/SupportPackages/R2022a/3P.instrset/cmsis.instrset/CMSIS/RTOS/RTX/LIB/GCC/libRTX_CM4.a(rt_list.o)
                              C:/ProgramData/MATLAB/SupportPackages/R2022a/3P.instrset/cmsis.instrset/CMSIS/RTOS/RTX/LIB/GCC/libRTX_CM4.a(rt_cmsis.o) (rt_put_prio)
C:/ProgramData/MATLAB/SupportPackages/R2022a/3P.instrset/cmsis.instrset/CMSIS/RTOS/RTX/LIB/GCC/libRTX_CM4.a(rt_event.o)
                              C:/ProgramData/MATLAB/SupportPackages/R2022a/3P.instrset/cmsis.instrset/CMSIS/RTOS/RTX/LIB/GCC/libRTX_CM4.a(rt_cmsis.o) (rt_evt_wait)
C:/ProgramData/MATLAB/SupportPackages/R2022a/3P.instrset/cmsis.instrset/CMSIS/RTOS/RTX/LIB/GCC/libRTX_CM4.a(rt_system.o)
                              C:/ProgramData/MATLAB/SupportPackages/R2022a/3P.instrset/cmsis.instrset/CMSIS/RTOS/RTX/LIB/GCC/libRTX_CM4.a(rt_cmsis.o) (rt_suspend)
C:/ProgramData/MATLAB/SupportPackages/R2022a/3P.instrset/cmsis.instrset/CMSIS/RTOS/RTX/LIB/GCC/libRTX_CM4.a(rt_task.o)
                              C:/ProgramData/MATLAB/SupportPackages/R2022a/3P.instrset/cmsis.instrset/CMSIS/RTOS/RTX/LIB/GCC/libRTX_CM4.a(rt_system.o) (rt_switch_req)
C:/ProgramData/MATLAB/SupportPackages/R2022a/3P.instrset/cmsis.instrset/CMSIS/RTOS/RTX/LIB/GCC/libRTX_CM4.a(hal_cm4.o)
                              C:/ProgramData/MATLAB/SupportPackages/R2022a/3P.instrset/cmsis.instrset/CMSIS/RTOS/RTX/LIB/GCC/libRTX_CM4.a(rt_task.o) (rt_get_PSP)
C:/ProgramData/MATLAB/SupportPackages/R2022a/3P.instrset/cmsis.instrset/CMSIS/RTOS/RTX/LIB/GCC/libRTX_CM4.a(svc_table.o)
                              C:/ProgramData/MATLAB/SupportPackages/R2022a/3P.instrset/cmsis.instrset/CMSIS/RTOS/RTX/LIB/GCC/libRTX_CM4.a(hal_cm4.o) (SVC_Table)
C:/ProgramData/MATLAB/SupportPackages/R2022a/3P.instrset/cmsis.instrset/CMSIS/RTOS/RTX/LIB/GCC/libRTX_CM4.a(rt_robin.o)
                              C:/ProgramData/MATLAB/SupportPackages/R2022a/3P.instrset/cmsis.instrset/CMSIS/RTOS/RTX/LIB/GCC/libRTX_CM4.a(rt_system.o) (os_robin)
C:/ProgramData/MATLAB/SupportPackages/R2022a/toolbox/target/supportpackages/freedomk64f/src/ksdk_armgcc_lib/bm/libksdk_platform.a(fsl_os_abstraction_bm.o)
                              hardware_init.o (OSA_Init)
C:/ProgramData/MATLAB/SupportPackages/R2022a/toolbox/target/supportpackages/freedomk64f/src/ksdk_armgcc_lib/bm/libksdk_platform.a(fsl_clock_manager.o)
                              board.o (CLOCK_SYS_OscInit)
C:/ProgramData/MATLAB/SupportPackages/R2022a/toolbox/target/supportpackages/freedomk64f/src/ksdk_armgcc_lib/bm/libksdk_platform.a(fsl_clock_manager_common.o)
                              C:/ProgramData/MATLAB/SupportPackages/R2022a/toolbox/target/supportpackages/freedomk64f/src/ksdk_armgcc_lib/bm/libksdk_platform.a(fsl_clock_manager.o) (g_oscBase)
[...]
Memory Configuration

Name             Origin             Length             Attributes
m_interrupts     0x00000000         0x00000400         xr
m_flash_config   0x00000400         0x00000010         xr
m_text           0x00000410         0x000ffbf0         xr
m_data_2         0x1fff0000         0x00010000         rw
m_data           0x20000000         0x00030000         rw
*default*        0x00000000         0xffffffff

Linker script and memory map

LOAD c:/progra~3/matlab/suppor~1/r2022a/3p778c~1.ins/gnuarm~1.ins/win/bin/../lib/gcc/arm-none-eabi/9.3.1/thumb/v7e-m+fp/hard/crti.o
LOAD c:/progra~3/matlab/suppor~1/r2022a/3p778c~1.ins/gnuarm~1.ins/win/bin/../lib/gcc/arm-none-eabi/9.3.1/thumb/v7e-m+fp/hard/crtbegin.o
LOAD c:/progra~3/matlab/suppor~1/r2022a/3p778c~1.ins/gnuarm~1.ins/win/bin/../lib/gcc/arm-none-eabi/9.3.1/../../../../arm-none-eabi/lib/thumb/v7e-m+fp/hard/crt0.o
LOAD MW_digitalIO.o
LOAD mw_sdk_interface.o
LOAD ert_main.o
LOAD AOO.o
LOAD AOO_data.o
LOAD startup.o
LOAD system_MK64F12.o
LOAD startup_MK64F12.o
LOAD board.o
LOAD hardware_init.o
LOAD pin_mux.o
LOAD fsl_misc_utilities.o
LOAD fsl_edma_irq.o
LOAD fsl_uart_irq.o
LOAD irq_stub.o
LOAD sbrk.o
LOAD cmsis_rtos_init.o
LOAD RTX_Conf_CM.o
LOAD mw_thread.o
LOAD mw_semaphore.o
LOAD mw_timer.o
LOAD mw_signal.o
LOAD C:/ProgramData/MATLAB/SupportPackages/R2022a/3P.instrset/cmsis.instrset/CMSIS/DSP/Lib/GCC/libarm_cortexM4lf_math.a
LOAD C:/ProgramData/MATLAB/SupportPackages/R2022a/3P.instrset/cmsis.instrset/CMSIS/RTOS/RTX/LIB/GCC/libRTX_CM4.a
LOAD C:/ProgramData/MATLAB/SupportPackages/R2022a/toolbox/target/supportpackages/freedomk64f/src/ksdk_armgcc_lib/bm/libksdk_platform.a
LOAD c:/progra~3/matlab/suppor~1/r2022a/3p778c~1.ins/gnuarm~1.ins/win/bin/../lib/gcc/arm-none-eabi/9.3.1/../../../../arm-none-eabi/lib/thumb/v7e-m+fp/hard\libstdc++.a
LOAD c:/progra~3/matlab/suppor~1/r2022a/3p778c~1.ins/gnuarm~1.ins/win/bin/../lib/gcc/arm-none-eabi/9.3.1/../../../../arm-none-eabi/lib/thumb/v7e-m+fp/hard\libm.a
START GROUP
LOAD c:/progra~3/matlab/suppor~1/r2022a/3p778c~1.ins/gnuarm~1.ins/win/bin/../lib/gcc/arm-none-eabi/9.3.1/thumb/v7e-m+fp/hard\libgcc.a
LOAD c:/progra~3/matlab/suppor~1/r2022a/3p778c~1.ins/gnuarm~1.ins/win/bin/../lib/gcc/arm-none-eabi/9.3.1/../../../../arm-none-eabi/lib/thumb/v7e-m+fp/hard\libg.a
LOAD c:/progra~3/matlab/suppor~1/r2022a/3p778c~1.ins/gnuarm~1.ins/win/bin/../lib/gcc/arm-none-eabi/9.3.1/../../../../arm-none-eabi/lib/thumb/v7e-m+fp/hard\libc.a
END GROUP
START GROUP
LOAD c:/progra~3/matlab/suppor~1/r2022a/3p778c~1.ins/gnuarm~1.ins/win/bin/../lib/gcc/arm-none-eabi/9.3.1/thumb/v7e-m+fp/hard\libgcc.a
LOAD c:/progra~3/matlab/suppor~1/r2022a/3p778c~1.ins/gnuarm~1.ins/win/bin/../lib/gcc/arm-none-eabi/9.3.1/../../../../arm-none-eabi/lib/thumb/v7e-m+fp/hard\libc.a
LOAD c:/progra~3/matlab/suppor~1/r2022a/3p778c~1.ins/gnuarm~1.ins/win/bin/../lib/gcc/arm-none-eabi/9.3.1/../../../../arm-none-eabi/lib/thumb/v7e-m+fp/hard\libnosys.a
END GROUP
LOAD c:/progra~3/matlab/suppor~1/r2022a/3p778c~1.ins/gnuarm~1.ins/win/bin/../lib/gcc/arm-none-eabi/9.3.1/thumb/v7e-m+fp/hard/crtend.o
LOAD c:/progra~3/matlab/suppor~1/r2022a/3p778c~1.ins/gnuarm~1.ins/win/bin/../lib/gcc/arm-none-eabi/9.3.1/thumb/v7e-m+fp/hard/crtn.o
                0x00000400                HEAP_SIZE = DEFINED (__heap_size__)?__heap_size__:0x400
                0x00000400                STACK_SIZE = DEFINED (__stack_size__)?__stack_size__:0x400
                0x00000000                M_VECTOR_RAM_SIZE = DEFINED (__ram_vector_table__)?0x400:0x0

.interrupts     0x00000000      0x400
                0x00000000                __VECTOR_TABLE = .
                0x00000000                . = ALIGN (0x4)
 *(.isr_vector)
 .isr_vector    0x00000000      0x400 startup_MK64F12.o
                0x00000000                __isr_vector
                0x00000400                . = ALIGN (0x4)

.flash_config   0x00000400       0x10
                0x00000400                . = ALIGN (0x4)
 *(.FlashConfig)
 .FlashConfig   0x00000400       0x10 startup_MK64F12.o
                0x00000410                . = ALIGN (0x4)

.text           0x00000440     0x9424
                0x00000440                . = ALIGN (0x4)
 *(.text)
 .text          0x00000440       0x40 c:/progra~3/matlab/suppor~1/r2022a/3p778c~1.ins/gnuarm~1.ins/win/bin/../lib/gcc/arm-none-eabi/9.3.1/thumb/v7e-m+fp/hard/crtbegin.o
 .text          0x00000480       0x7c c:/progra~3/matlab/suppor~1/r2022a/3p778c~1.ins/gnuarm~1.ins/win/bin/../lib/gcc/arm-none-eabi/9.3.1/../../../../arm-none-eabi/lib/thumb/v7e-m+fp/hard/crt0.o
                0x00000480                _stack_init
                0x00000488                _start
                0x00000488                _mainCRTStartup
 .text          0x000004fc       0x14 startup_MK64F12.o
                0x000004fc                Reset_Handler
                0x0000050c                ENET_Receive_IRQHandler
                0x0000050c                ENET_1588_Timer_IRQHandler
                0x0000050c                DefaultISR
                0x0000050c                PIT2_IRQHandler
                0x0000050c                PIT0_IRQHandler
                0x0000050c                ENET_Error_IRQHandler
                0x0000050c                PIT3_IRQHandler
                0x0000050c                SDHC_IRQHandler
                0x0000050c                ENET_Transmit_IRQHandler
                0x0000050c                PIT1_IRQHandler
 .text          0x00000510      0x198 C:/ProgramData/MATLAB/SupportPackages/R2022a/3P.instrset/cmsis.instrset/CMSIS/RTOS/RTX/LIB/GCC/libRTX_CM4.a(hal_cm4.o)
                0x00000510                rt_set_PSP
                0x00000516                rt_get_PSP
                0x0000051c                os_set_env
                0x00000534                _alloc_box
                0x00000550                _free_box
                0x0000056c                SVC_Handler
                0x00000612                PendSV_Handler
                0x00000618                Sys_Switch
                0x00000672                SysTick_Handler
                0x0000067c                OS_Tick_Handler
 .text          0x000006a8      0x378 c:/progra~3/matlab/suppor~1/r2022a/3p778c~1.ins/gnuarm~1.ins/win/bin/../lib/gcc/arm-none-eabi/9.3.1/thumb/v7e-m+fp/hard\libgcc.a(_arm_addsubdf3.o)
                0x000006a8                __aeabi_drsub
                0x000006b0                __aeabi_dsub
                0x000006b0                __subdf3
                0x000006b4                __aeabi_dadd
                0x000006b4                __adddf3
                0x0000092c                __floatunsidf
                0x0000092c                __aeabi_ui2d
                0x0000094c                __floatsidf
                0x0000094c                __aeabi_i2d
                0x00000970                __aeabi_f2d
                0x00000970                __extendsfdf2
                0x000009b4                __floatundidf
                0x000009b4                __aeabi_ul2d
                0x000009c4                __floatdidf
                0x000009c4                __aeabi_l2d
 .text          0x00000a20      0x424 c:/progra~3/matlab/suppor~1/r2022a/3p778c~1.ins/gnuarm~1.ins/win/bin/../lib/gcc/arm-none-eabi/9.3.1/thumb/v7e-m+fp/hard\libgcc.a(_arm_muldivdf3.o)
                0x00000a20                __aeabi_dmul
                0x00000a20                __muldf3
                0x00000c74                __divdf3
                0x00000c74                __aeabi_ddiv
 .text          0x00000e44      0x110 c:/progra~3/matlab/suppor~1/r2022a/3p778c~1.ins/gnuarm~1.ins/win/bin/../lib/gcc/arm-none-eabi/9.3.1/thumb/v7e-m+fp/hard\libgcc.a(_arm_cmpdf2.o)
                0x00000e44                __gtdf2
                0x00000e44                __gedf2
                0x00000e4c                __ltdf2
                0x00000e4c                __ledf2
                0x00000e54                __nedf2
                0x00000e54                __eqdf2
                0x00000e54                __cmpdf2
                0x00000ed0                __aeabi_cdrcmple
                0x00000ee0                __aeabi_cdcmpeq
                0x00000ee0                __aeabi_cdcmple
                0x00000ef0                __aeabi_dcmpeq
                0x00000f04                __aeabi_dcmplt
                0x00000f18                __aeabi_dcmple
                0x00000f2c                __aeabi_dcmpge
                0x00000f40                __aeabi_dcmpgt
 .text          0x00000f54       0x40 c:/progra~3/matlab/suppor~1/r2022a/3p778c~1.ins/gnuarm~1.ins/win/bin/../lib/gcc/arm-none-eabi/9.3.1/thumb/v7e-m+fp/hard\libgcc.a(_arm_fixunsdfsi.o)
                0x00000f54                __aeabi_d2uiz
                0x00000f54                __fixunsdfsi
 .text          0x00000f94       0x30 c:/progra~3/matlab/suppor~1/r2022a/3p778c~1.ins/gnuarm~1.ins/win/bin/../lib/gcc/arm-none-eabi/9.3.1/thumb/v7e-m+fp/hard\libgcc.a(_aeabi_uldivmod.o)
                0x00000f94                __aeabi_uldivmod
 .text          0x00000fc4      0x2c4 c:/progra~3/matlab/suppor~1/r2022a/3p778c~1.ins/gnuarm~1.ins/win/bin/../lib/gcc/arm-none-eabi/9.3.1/thumb/v7e-m+fp/hard\libgcc.a(_udivmoddi4.o)
                0x00000fc4                __udivmoddi4
 .text          0x00001288      0x9b8 c:/progra~3/matlab/suppor~1/r2022a/3p778c~1.ins/gnuarm~1.ins/win/bin/../lib/gcc/arm-none-eabi/9.3.1/thumb/v7e-m+fp/hard\libgcc.a(unwind-arm.o)
                0x00001530                _Unwind_GetCFA
                0x00001534                __gnu_Unwind_RaiseException
                0x00001594                __gnu_Unwind_ForcedUnwind
                0x000015a8                __gnu_Unwind_Resume
                0x000015ec                __gnu_Unwind_Resume_or_Rethrow
                0x000015fc                _Unwind_Complete
                0x00001600                _Unwind_DeleteException
                0x0000160c                _Unwind_VRS_Get
                0x00001654                _Unwind_VRS_Set
                0x0000169c                __gnu_Unwind_Backtrace
                0x000019bc                __aeabi_unwind_cpp_pr0
                0x000019c0                __aeabi_unwind_cpp_pr1
                0x000019c4                __aeabi_unwind_cpp_pr2
                0x000019c8                _Unwind_VRS_Pop
 .text          0x00001c40      0x1ac c:/progra~3/matlab/suppor~1/r2022a/3p778c~1.ins/gnuarm~1.ins/win/bin/../lib/gcc/arm-none-eabi/9.3.1/thumb/v7e-m+fp/hard\libgcc.a(libunwind.o)
                0x00001c40                __restore_core_regs
                0x00001c40                restore_core_regs
                0x00001c58                __gnu_Unwind_Restore_VFP
                0x00001c60                __gnu_Unwind_Save_VFP
                0x00001c68                __gnu_Unwind_Restore_VFP_D
                0x00001c70                __gnu_Unwind_Save_VFP_D
                0x00001c78                __gnu_Unwind_Restore_VFP_D_16_to_31
                0x00001c80                __gnu_Unwind_Save_VFP_D_16_to_31
                0x00001c88                __gnu_Unwind_Restore_WMMXD
                0x00001ccc                __gnu_Unwind_Save_WMMXD
                0x00001d10                __gnu_Unwind_Restore_WMMXC
                0x00001d24                __gnu_Unwind_Save_WMMXC
                0x00001d38                ___Unwind_RaiseException
                0x00001d38                _Unwind_RaiseException
                0x00001d5c                _Unwind_Resume
                0x00001d5c                ___Unwind_Resume
                0x00001d80                _Unwind_Resume_or_Rethrow
                0x00001d80                ___Unwind_Resume_or_Rethrow
                0x00001da4                _Unwind_ForcedUnwind
                0x00001da4                ___Unwind_ForcedUnwind
                0x00001dc8                ___Unwind_Backtrace
                0x00001dc8                _Unwind_Backtrace
 .text          0x00001dec      0x340 c:/progra~3/matlab/suppor~1/r2022a/3p778c~1.ins/gnuarm~1.ins/win/bin/../lib/gcc/arm-none-eabi/9.3.1/thumb/v7e-m+fp/hard\libgcc.a(pr-support.o)
                0x00001e44                __gnu_unwind_execute
                0x000020e0                __gnu_unwind_frame
                0x0000210c                _Unwind_GetRegionStart
                0x00002118                _Unwind_GetLanguageSpecificData
 .text          0x0000212c        0x4 c:/progra~3/matlab/suppor~1/r2022a/3p778c~1.ins/gnuarm~1.ins/win/bin/../lib/gcc/arm-none-eabi/9.3.1/thumb/v7e-m+fp/hard\libgcc.a(_dvmd_tls.o)
                0x0000212c                __aeabi_idiv0
                0x0000212c                __aeabi_ldiv0
 .text          0x00002130      0x134 c:/progra~3/matlab/suppor~1/r2022a/3p778c~1.ins/gnuarm~1.ins/win/bin/../lib/gcc/arm-none-eabi/9.3.1/../../../../arm-none-eabi/lib/thumb/v7e-m+fp/hard\libg.a(lib_a-memcpy.o)
                0x00002130                memcpy
 *fill*         0x00002264        0xc 
 .text          0x00002270       0xa0 c:/progra~3/matlab/suppor~1/r2022a/3p778c~1.ins/gnuarm~1.ins/win/bin/../lib/gcc/arm-none-eabi/9.3.1/../../../../arm-none-eabi/lib/thumb/v7e-m+fp/hard\libg.a(lib_a-memchr.o)
                0x00002270                memchr
 *fill*         0x00002310       0x30 
 .text          0x00002340       0xdc c:/progra~3/matlab/suppor~1/r2022a/3p778c~1.ins/gnuarm~1.ins/win/bin/../lib/gcc/arm-none-eabi/9.3.1/../../../../arm-none-eabi/lib/thumb/v7e-m+fp/hard\libg.a(lib_a-strlen.o)
                0x00002340                strlen
 *(.text*)
 .text.MW_digitalIO_open
                0x0000241c       0xe0 MW_digitalIO.o
                0x0000241c                MW_digitalIO_open
 .text.MW_digitalIO_write
                0x000024fc       0x7e MW_digitalIO.o
                0x000024fc                MW_digitalIO_write
 .text.MW_digitalIO_close
                0x0000257a       0x3c MW_digitalIO.o
                0x0000257a                MW_digitalIO_close
 *fill*         0x000025b6        0x2 
 .text.baseRateTask
                0x000025b8       0x7c ert_main.o
                0x000025b8                baseRateTask
 .text.terminateTask
                0x00002634       0x34 ert_main.o
                0x00002634                terminateTask
 .text.main     0x00002668       0x48 ert_main.o
                0x00002668                main
 .text.AOO_step
                0x000026b0      0x270 AOO.o
                0x000026b0                AOO_step
 .text.AOO_initialize
                0x00002920      0x380 AOO.o
                0x00002920                AOO_initialize
 .text.AOO_terminate
                0x00002ca0      0x270 AOO.o
                0x00002ca0                AOO_terminate
 .text.init_data_bss
                0x00002f10       0xd0 startup.o
                0x00002f10                init_data_bss
 .text.SystemInit
                0x00002fe0      0x1dc system_MK64F12.o
                0x00002fe0                SystemInit
 .text.SystemCoreClockUpdate
                0x000031bc      0x290 system_MK64F12.o
                0x000031bc                SystemCoreClockUpdate
 .text.PORT_HAL_SetMuxMode
                0x0000344c       0x58 board.o
 .text.SMC_HAL_SetProtection
                0x000034a4       0x1e board.o
 *fill*         0x000034c2        0x2 
 .text.BOARD_InitOsc0
                0x000034c4       0x30 board.o
                0x000034c4                BOARD_InitOsc0
 .text.BOARD_InitRtcOsc
                0x000034f4       0x28 board.o
                0x000034f4                BOARD_InitRtcOsc
 .text.BOARD_ClockInit
                0x0000351c       0x34 board.o
                0x0000351c                BOARD_ClockInit
 .text.hardware_init
                0x00003550       0x30 hardware_init.o
                0x00003550                hardware_init
 .text.DMA0_IRQHandler
                0x00003580        0xe fsl_edma_irq.o
                0x00003580                DMA0_IRQHandler
 .text.DMA1_IRQHandler
                0x0000358e        0xe fsl_edma_irq.o
                0x0000358e                DMA1_IRQHandler
 .text.DMA2_IRQHandler
                0x0000359c        0xe fsl_edma_irq.o
                0x0000359c                DMA2_IRQHandler
 .text.DMA3_IRQHandler
                0x000035aa        0xe fsl_edma_irq.o
                0x000035aa                DMA3_IRQHandler
 .text.DMA4_IRQHandler
                0x000035b8        0xe fsl_edma_irq.o
                0x000035b8                DMA4_IRQHandler
 .text.DMA5_IRQHandler
                0x000035c6        0xe fsl_edma_irq.o
                0x000035c6                DMA5_IRQHandler
 .text.DMA6_IRQHandler
                0x000035d4        0xe fsl_edma_irq.o
                0x000035d4                DMA6_IRQHandler
 .text.DMA7_IRQHandler
                0x000035e2        0xe fsl_edma_irq.o
                0x000035e2                DMA7_IRQHandler
 .text.DMA8_IRQHandler
                0x000035f0        0xe fsl_edma_irq.o
                0x000035f0                DMA8_IRQHandler
 .text.DMA9_IRQHandler
                0x000035fe        0xe fsl_edma_irq.o
                0x000035fe                DMA9_IRQHandler
 .text.DMA10_IRQHandler
                0x0000360c        0xe fsl_edma_irq.o
                0x0000360c                DMA10_IRQHandler
 .text.DMA11_IRQHandler
                0x0000361a        0xe fsl_edma_irq.o
                0x0000361a                DMA11_IRQHandler
 .text.DMA12_IRQHandler
                0x00003628        0xe fsl_edma_irq.o
                0x00003628                DMA12_IRQHandler
 .text.DMA13_IRQHandler
                0x00003636        0xe fsl_edma_irq.o
                0x00003636                DMA13_IRQHandler
 .text.DMA14_IRQHandler
                0x00003644        0xe fsl_edma_irq.o
                0x00003644                DMA14_IRQHandler
 .text.DMA15_IRQHandler
                0x00003652        0xe fsl_edma_irq.o
                0x00003652                DMA15_IRQHandler
 .text.DMA_Error_IRQHandler
                0x00003660        0xe fsl_edma_irq.o
                0x00003660                DMA_Error_IRQHandler
 .text.UART0_RX_TX_IRQHandler
                0x0000366e        0xe fsl_uart_irq.o
                0x0000366e                UART0_RX_TX_IRQHandler
 .text.UART1_RX_TX_IRQHandler
                0x0000367c        0xe fsl_uart_irq.o
                0x0000367c                UART1_RX_TX_IRQHandler
 .text.UART2_RX_TX_IRQHandler
                0x0000368a        0xe fsl_uart_irq.o
                0x0000368a                UART2_RX_TX_IRQHandler
 .text.UART3_RX_TX_IRQHandler
                0x00003698        0xe fsl_uart_irq.o
                0x00003698                UART3_RX_TX_IRQHandler
 .text.UART4_RX_TX_IRQHandler
                0x000036a6        0xe fsl_uart_irq.o
                0x000036a6                UART4_RX_TX_IRQHandler
 .text.UART5_RX_TX_IRQHandler
                0x000036b4        0xe fsl_uart_irq.o
                0x000036b4                UART5_RX_TX_IRQHandler
 .text.NMI_Handler
                0x000036c2        0x6 irq_stub.o
                0x000036c2                NMI_Handler
 .text.HardFault_Handler
                0x000036c8        0x6 irq_stub.o
                0x000036c8                HardFault_Handler
 .text.MemManage_Handler
                0x000036ce        0x6 irq_stub.o
                0x000036ce                MemManage_Handler
 .text.BusFault_Handler
                0x000036d4        0x6 irq_stub.o
                0x000036d4                BusFault_Handler
 .text.UsageFault_Handler
                0x000036da        0x6 irq_stub.o
                0x000036da                UsageFault_Handler
 .text.DebugMon_Handler
                0x000036e0        0x6 irq_stub.o
                0x000036e0                DebugMon_Handler
 .text.MCM_IRQHandler
                0x000036e6        0x6 irq_stub.o
                0x000036e6                MCM_IRQHandler
 .text.FTFE_IRQHandler
                0x000036ec        0x6 irq_stub.o
                0x000036ec                FTFE_IRQHandler
 .text.Read_Collision_IRQHandler
                0x000036f2        0x6 irq_stub.o
                0x000036f2                Read_Collision_IRQHandler
 .text.LVD_LVW_IRQHandler
                0x000036f8        0x6 irq_stub.o
                0x000036f8                LVD_LVW_IRQHandler
 .text.LLWU_IRQHandler
                0x000036fe        0x6 irq_stub.o
                0x000036fe                LLWU_IRQHandler
 .text.WDOG_EWM_IRQHandler
                0x00003704        0x6 irq_stub.o
                0x00003704                WDOG_EWM_IRQHandler
 .text.RNG_IRQHandler
                0x0000370a        0x6 irq_stub.o
                0x0000370a                RNG_IRQHandler
 .text.I2C0_IRQHandler
                0x00003710        0x6 irq_stub.o
                0x00003710                I2C0_IRQHandler
 .text.I2C1_IRQHandler
                0x00003716        0x6 irq_stub.o
                0x00003716                I2C1_IRQHandler
 .text.SPI0_IRQHandler
                0x0000371c        0x6 irq_stub.o
                0x0000371c                SPI0_IRQHandler
 .text.SPI1_IRQHandler
                0x00003722        0x6 irq_stub.o
                0x00003722                SPI1_IRQHandler
 .text.I2S0_Tx_IRQHandler
                0x00003728        0x6 irq_stub.o
                0x00003728                I2S0_Tx_IRQHandler
 .text.I2S0_Rx_IRQHandler
                0x0000372e        0x6 irq_stub.o
                0x0000372e                I2S0_Rx_IRQHandler
 .text.UART0_LON_IRQHandler
                0x00003734        0x6 irq_stub.o
                0x00003734                UART0_LON_IRQHandler
 .text.UART0_ERR_IRQHandler
                0x0000373a        0x6 irq_stub.o
                0x0000373a                UART0_ERR_IRQHandler
 .text.UART1_ERR_IRQHandler
                0x00003740        0x6 irq_stub.o
                0x00003740                UART1_ERR_IRQHandler
 .text.UART2_ERR_IRQHandler
                0x00003746        0x6 irq_stub.o
                0x00003746                UART2_ERR_IRQHandler
 .text.UART3_ERR_IRQHandler
                0x0000374c        0x6 irq_stub.o
                0x0000374c                UART3_ERR_IRQHandler
 .text.ADC0_IRQHandler
                0x00003752        0x6 irq_stub.o
                0x00003752                ADC0_IRQHandler
 .text.CMP0_IRQHandler
                0x00003758        0x6 irq_stub.o
                0x00003758                CMP0_IRQHandler
 .text.CMP1_IRQHandler
                0x0000375e        0x6 irq_stub.o
                0x0000375e                CMP1_IRQHandler
 .text.FTM0_IRQHandler
                0x00003764        0x6 irq_stub.o
                0x00003764                FTM0_IRQHandler
 .text.FTM1_IRQHandler
                0x0000376a        0x6 irq_stub.o
                0x0000376a                FTM1_IRQHandler
 .text.FTM2_IRQHandler
                0x00003770        0x6 irq_stub.o
                0x00003770                FTM2_IRQHandler
 .text.CMT_IRQHandler
                0x00003776        0x6 irq_stub.o
                0x00003776                CMT_IRQHandler
 .text.RTC_IRQHandler
                0x0000377c        0x6 irq_stub.o
                0x0000377c                RTC_IRQHandler
 .text.RTC_Seconds_IRQHandler
                0x00003782        0x6 irq_stub.o
                0x00003782                RTC_Seconds_IRQHandler
 .text.PDB0_IRQHandler
                0x00003788        0x6 irq_stub.o
                0x00003788                PDB0_IRQHandler
 .text.USB0_IRQHandler
                0x0000378e        0x6 irq_stub.o
                0x0000378e                USB0_IRQHandler
 .text.USBDCD_IRQHandler
                0x00003794        0x6 irq_stub.o
                0x00003794                USBDCD_IRQHandler
 .text.Reserved71_IRQHandler
                0x0000379a        0x6 irq_stub.o
                0x0000379a                Reserved71_IRQHandler
 .text.DAC0_IRQHandler
                0x000037a0        0x6 irq_stub.o
                0x000037a0                DAC0_IRQHandler
 .text.MCG_IRQHandler
                0x000037a6        0x6 irq_stub.o
                0x000037a6                MCG_IRQHandler
 .text.LPTMR0_IRQHandler
                0x000037ac        0x6 irq_stub.o
                0x000037ac                LPTMR0_IRQHandler
 .text.PORTA_IRQHandler
                0x000037b2        0x6 irq_stub.o
                0x000037b2                PORTA_IRQHandler
 .text.PORTB_IRQHandler
                0x000037b8        0x6 irq_stub.o
                0x000037b8                PORTB_IRQHandler
 .text.PORTC_IRQHandler
                0x000037be        0x6 irq_stub.o
                0x000037be                PORTC_IRQHandler
 .text.PORTD_IRQHandler
                0x000037c4        0x6 irq_stub.o
                0x000037c4                PORTD_IRQHandler
 .text.PORTE_IRQHandler
                0x000037ca        0x6 irq_stub.o
                0x000037ca                PORTE_IRQHandler
 .text.SWI_IRQHandler
                0x000037d0        0x6 irq_stub.o
                0x000037d0                SWI_IRQHandler
 .text.SPI2_IRQHandler
                0x000037d6        0x6 irq_stub.o
                0x000037d6                SPI2_IRQHandler
 .text.UART4_ERR_IRQHandler
                0x000037dc        0x6 irq_stub.o
                0x000037dc                UART4_ERR_IRQHandler
 .text.UART5_ERR_IRQHandler
                0x000037e2        0x6 irq_stub.o
                0x000037e2                UART5_ERR_IRQHandler
 .text.CMP2_IRQHandler
                0x000037e8        0x6 irq_stub.o
                0x000037e8                CMP2_IRQHandler
 .text.FTM3_IRQHandler
                0x000037ee        0x6 irq_stub.o
                0x000037ee                FTM3_IRQHandler
 .text.DAC1_IRQHandler
                0x000037f4        0x6 irq_stub.o
                0x000037f4                DAC1_IRQHandler
 .text.ADC1_IRQHandler
                0x000037fa        0x6 irq_stub.o
                0x000037fa                ADC1_IRQHandler
 .text.I2C2_IRQHandler
                0x00003800        0x6 irq_stub.o
                0x00003800                I2C2_IRQHandler
 .text.CAN0_ORed_Message_buffer_IRQHandler
                0x00003806        0x6 irq_stub.o
                0x00003806                CAN0_ORed_Message_buffer_IRQHandler
 .text.CAN0_Bus_Off_IRQHandler
                0x0000380c        0x6 irq_stub.o
                0x0000380c                CAN0_Bus_Off_IRQHandler
 .text.CAN0_Error_IRQHandler
                0x00003812        0x6 irq_stub.o
                0x00003812                CAN0_Error_IRQHandler
 .text.CAN0_Tx_Warning_IRQHandler
                0x00003818        0x6 irq_stub.o
                0x00003818                CAN0_Tx_Warning_IRQHandler
 .text.CAN0_Rx_Warning_IRQHandler
                0x0000381e        0x6 irq_stub.o
                0x0000381e                CAN0_Rx_Warning_IRQHandler
 .text.CAN0_Wake_Up_IRQHandler
                0x00003824        0x6 irq_stub.o
                0x00003824                CAN0_Wake_Up_IRQHandler
 *fill*         0x0000382a        0x2 
 .text._sbrk    0x0000382c       0x5c sbrk.o
                0x0000382c                _sbrk
 .text.schedulerTask
                0x00003888       0x1c cmsis_rtos_init.o
                0x00003888                schedulerTask
 .text.mw_initSignalEvents
                0x000038a4       0x40 cmsis_rtos_init.o
                0x000038a4                mw_initSignalEvents
 .text.mw_RTOSInit
                0x000038e4       0x8c cmsis_rtos_init.o
                0x000038e4                mw_RTOSInit
 .text.os_idle_demon
                0x00003970        0x8 RTX_Conf_CM.o
                0x00003970                os_idle_demon
 .text.os_error
                0x00003978       0x2c RTX_Conf_CM.o
                0x00003978                os_error
 .text.rt_init_robin
                0x000039a4        0x4 RTX_Conf_CM.o
                0x000039a4                rt_init_robin
 .text.rt_chk_robin
                0x000039a8        0x4 RTX_Conf_CM.o
                0x000039a8                rt_chk_robin
 .text.software_init_hook
                0x000039ac       0x34 RTX_Conf_CM.o
                0x000039ac                software_init_hook
 .text.mw_osThreadCreate
                0x000039e0       0x52 mw_thread.o
                0x000039e0                mw_osThreadCreate
 .text.mw_osThreadGetId
                0x00003a32        0xe mw_thread.o
                0x00003a32                mw_osThreadGetId
 .text.mw_osThreadExit
                0x00003a40       0x22 mw_thread.o
                0x00003a40                mw_osThreadExit
 .text.mw_osTimerCreate
                0x00003a62       0x4e mw_timer.o
                0x00003a62                mw_osTimerCreate
 .text.mw_osTimerStart
                0x00003ab0       0x24 mw_timer.o
                0x00003ab0                mw_osTimerStart
 .text.mw_osSignalSet
                0x00003ad4       0x2e mw_signal.o
                0x00003ad4                mw_osSignalSet
 .text.mw_osSignalClear
                0x00003b02       0x26 mw_signal.o
                0x00003b02                mw_osSignalClear
 .text.mw_osSignalWaitEver
                0x00003b28       0x20 mw_signal.o
                0x00003b28                mw_osSignalWaitEver
 .text.mw_osSignalEventCreate
                0x00003b48       0x20 mw_signal.o
                0x00003b48                mw_osSignalEventCreate
 .text.mw_osSignalEventRelease
                0x00003b68       0x26 mw_signal.o
                0x00003b68                mw_osSignalEventRelease
 .text.mw_osSignalEventWaitEver
                0x00003b8e       0x34 mw_signal.o
                0x00003b8e                mw_osSignalEventWaitEver
 *fill*         0x00003bc2        0x2 
 .text.osThreadExit
                0x00003bc4       0x18 C:/ProgramData/MATLAB/SupportPackages/R2022a/3P.instrset/cmsis.instrset/CMSIS/RTOS/RTX/LIB/GCC/libRTX_CM4.a(rt_cmsis.o)
                0x00003bc4                osThreadExit
 .text.svcKernelInitialize
                0x00003bdc      0x104 C:/ProgramData/MATLAB/SupportPackages/R2022a/3P.instrset/cmsis.instrset/CMSIS/RTOS/RTX/LIB/GCC/libRTX_CM4.a(rt_cmsis.o)
                0x00003bdc                svcKernelInitialize
 .text.svcKernelStart
                0x00003ce0       0x48 C:/ProgramData/MATLAB/SupportPackages/R2022a/3P.instrset/cmsis.instrset/CMSIS/RTOS/RTX/LIB/GCC/libRTX_CM4.a(rt_cmsis.o)
                0x00003ce0                svcKernelStart
 .text.osKernelInitialize
                0x00003d28       0x28 C:/ProgramData/MATLAB/SupportPackages/R2022a/3P.instrset/cmsis.instrset/CMSIS/RTOS/RTX/LIB/GCC/libRTX_CM4.a(rt_cmsis.o)
                0x00003d28                osKernelInitialize
 .text.osKernelStart
                0x00003d50       0x74 C:/ProgramData/MATLAB/SupportPackages/R2022a/3P.instrset/cmsis.instrset/CMSIS/RTOS/RTX/LIB/GCC/libRTX_CM4.a(rt_cmsis.o)
                0x00003d50                osKernelStart
 .text.svcThreadCreate
                0x00003dc4       0x7c C:/ProgramData/MATLAB/SupportPackages/R2022a/3P.instrset/cmsis.instrset/CMSIS/RTOS/RTX/LIB/GCC/libRTX_CM4.a(rt_cmsis.o)
                0x00003dc4                svcThreadCreate
 .text.svcThreadGetId
                0x00003e40       0x18 C:/ProgramData/MATLAB/SupportPackages/R2022a/3P.instrset/cmsis.instrset/CMSIS/RTOS/RTX/LIB/GCC/libRTX_CM4.a(rt_cmsis.o)
                0x00003e40                svcThreadGetId
 .text.svcThreadTerminate
                0x00003e58       0x48 C:/ProgramData/MATLAB/SupportPackages/R2022a/3P.instrset/cmsis.instrset/CMSIS/RTOS/RTX/LIB/GCC/libRTX_CM4.a(rt_cmsis.o)
                0x00003e58                svcThreadTerminate
 .text.osThreadCreate
                0x00003ea0       0xa4 C:/ProgramData/MATLAB/SupportPackages/R2022a/3P.instrset/cmsis.instrset/CMSIS/RTOS/RTX/LIB/GCC/libRTX_CM4.a(rt_cmsis.o)
                0x00003ea0                osThreadCreate
 .text.osThreadGetId
                0x00003f44       0x18 C:/ProgramData/MATLAB/SupportPackages/R2022a/3P.instrset/cmsis.instrset/CMSIS/RTOS/RTX/LIB/GCC/libRTX_CM4.a(rt_cmsis.o)
                0x00003f44                osThreadGetId
 .text.osThreadTerminate
                0x00003f5c       0x18 C:/ProgramData/MATLAB/SupportPackages/R2022a/3P.instrset/cmsis.instrset/CMSIS/RTOS/RTX/LIB/GCC/libRTX_CM4.a(rt_cmsis.o)
                0x00003f5c                osThreadTerminate
 .text.svcTimerCreate
                0x00003f74       0x40 C:/ProgramData/MATLAB/SupportPackages/R2022a/3P.instrset/cmsis.instrset/CMSIS/RTOS/RTX/LIB/GCC/libRTX_CM4.a(rt_cmsis.o)
                0x00003f74                svcTimerCreate
 .text.svcTimerStart
                0x00003fb4       0xdc C:/ProgramData/MATLAB/SupportPackages/R2022a/3P.instrset/cmsis.instrset/CMSIS/RTOS/RTX/LIB/GCC/libRTX_CM4.a(rt_cmsis.o)
                0x00003fb4                svcTimerStart
 .text.svcTimerCall
                0x00004090       0x18 C:/ProgramData/MATLAB/SupportPackages/R2022a/3P.instrset/cmsis.instrset/CMSIS/RTOS/RTX/LIB/GCC/libRTX_CM4.a(rt_cmsis.o)
                0x00004090                svcTimerCall
 .text.sysTimerTick
                0x000040a8       0xc8 C:/ProgramData/MATLAB/SupportPackages/R2022a/3P.instrset/cmsis.instrset/CMSIS/RTOS/RTX/LIB/GCC/libRTX_CM4.a(rt_cmsis.o)
                0x000040a8                sysTimerTick
 .text.osTimerCreate
                0x00004170       0x68 C:/ProgramData/MATLAB/SupportPackages/R2022a/3P.instrset/cmsis.instrset/CMSIS/RTOS/RTX/LIB/GCC/libRTX_CM4.a(rt_cmsis.o)
                0x00004170                osTimerCreate
 .text.osTimerStart
                0x000041d8       0x18 C:/ProgramData/MATLAB/SupportPackages/R2022a/3P.instrset/cmsis.instrset/CMSIS/RTOS/RTX/LIB/GCC/libRTX_CM4.a(rt_cmsis.o)
                0x000041d8                osTimerStart
 .text.osTimerThread
                0x000041f0       0x3c C:/ProgramData/MATLAB/SupportPackages/R2022a/3P.instrset/cmsis.instrset/CMSIS/RTOS/RTX/LIB/GCC/libRTX_CM4.a(rt_cmsis.o)
                0x000041f0                osTimerThread
 .text.svcSignalSet
                0x0000422c       0x2c C:/ProgramData/MATLAB/SupportPackages/R2022a/3P.instrset/cmsis.instrset/CMSIS/RTOS/RTX/LIB/GCC/libRTX_CM4.a(rt_cmsis.o)
                0x0000422c                svcSignalSet
 .text.svcSignalClear
                0x00004258       0x2c C:/ProgramData/MATLAB/SupportPackages/R2022a/3P.instrset/cmsis.instrset/CMSIS/RTOS/RTX/LIB/GCC/libRTX_CM4.a(rt_cmsis.o)
                0x00004258                svcSignalClear
 .text.svcSignalWait
                0x00004284      0x100 C:/ProgramData/MATLAB/SupportPackages/R2022a/3P.instrset/cmsis.instrset/CMSIS/RTOS/RTX/LIB/GCC/libRTX_CM4.a(rt_cmsis.o)
                0x00004284                svcSignalWait
 .text.osSignalSet
                0x00004384       0x40 C:/ProgramData/MATLAB/SupportPackages/R2022a/3P.instrset/cmsis.instrset/CMSIS/RTOS/RTX/LIB/GCC/libRTX_CM4.a(rt_cmsis.o)
                0x00004384                osSignalSet
 .text.osSignalClear
                0x000043c4       0x1c C:/ProgramData/MATLAB/SupportPackages/R2022a/3P.instrset/cmsis.instrset/CMSIS/RTOS/RTX/LIB/GCC/libRTX_CM4.a(rt_cmsis.o)
                0x000043c4                osSignalClear
 .text.osSignalWait
                0x000043e0       0x2c C:/ProgramData/MATLAB/SupportPackages/R2022a/3P.instrset/cmsis.instrset/CMSIS/RTOS/RTX/LIB/GCC/libRTX_CM4.a(rt_cmsis.o)
                0x000043e0                osSignalWait
 .text.svcMessageGet
                0x0000440c       0xbc C:/ProgramData/MATLAB/SupportPackages/R2022a/3P.instrset/cmsis.instrset/CMSIS/RTOS/RTX/LIB/GCC/libRTX_CM4.a(rt_cmsis.o)
                0x0000440c                svcMessageGet
 .text.rt_init_stack
                0x000044c8       0xa8 C:/ProgramData/MATLAB/SupportPackages/R2022a/3P.instrset/cmsis.instrset/CMSIS/RTOS/RTX/LIB/GCC/libRTX_CM4.a(hal_cm.o)
                0x000044c8                rt_init_stack
 .text.rt_ret_val
                0x00004570       0x14 C:/ProgramData/MATLAB/SupportPackages/R2022a/3P.instrset/cmsis.instrset/CMSIS/RTOS/RTX/LIB/GCC/libRTX_CM4.a(hal_cm.o)
                0x00004570                rt_ret_val
 .text.rt_ret_val2
                0x00004584       0x24 C:/ProgramData/MATLAB/SupportPackages/R2022a/3P.instrset/cmsis.instrset/CMSIS/RTOS/RTX/LIB/GCC/libRTX_CM4.a(hal_cm.o)
                0x00004584                rt_ret_val2
 .text.dbg_init
                0x000045a8       0x34 C:/ProgramData/MATLAB/SupportPackages/R2022a/3P.instrset/cmsis.instrset/CMSIS/RTOS/RTX/LIB/GCC/libRTX_CM4.a(hal_cm.o)
                0x000045a8                dbg_init
 .text.dbg_task_notify
                0x000045dc       0x2c C:/ProgramData/MATLAB/SupportPackages/R2022a/3P.instrset/cmsis.instrset/CMSIS/RTOS/RTX/LIB/GCC/libRTX_CM4.a(hal_cm.o)
                0x000045dc                dbg_task_notify
 .text.dbg_task_switch
                0x00004608       0x14 C:/ProgramData/MATLAB/SupportPackages/R2022a/3P.instrset/cmsis.instrset/CMSIS/RTOS/RTX/LIB/GCC/libRTX_CM4.a(hal_cm.o)
                0x00004608                dbg_task_switch
 .text.rt_init_mem
                0x0000461c       0x1c C:/ProgramData/MATLAB/SupportPackages/R2022a/3P.instrset/cmsis.instrset/CMSIS/RTOS/RTX/LIB/GCC/libRTX_CM4.a(rt_memory.o)
                0x0000461c                rt_init_mem
 .text.rt_alloc_mem
                0x00004638       0x48 C:/ProgramData/MATLAB/SupportPackages/R2022a/3P.instrset/cmsis.instrset/CMSIS/RTOS/RTX/LIB/GCC/libRTX_CM4.a(rt_memory.o)
                0x00004638                rt_alloc_mem
 .text.rt_free_mem
                0x00004680       0x54 C:/ProgramData/MATLAB/SupportPackages/R2022a/3P.instrset/cmsis.instrset/CMSIS/RTOS/RTX/LIB/GCC/libRTX_CM4.a(rt_memory.o)
                0x00004680                rt_free_mem
 .text._init_box
                0x000046d4       0x58 C:/ProgramData/MATLAB/SupportPackages/R2022a/3P.instrset/cmsis.instrset/CMSIS/RTOS/RTX/LIB/GCC/libRTX_CM4.a(rt_membox.o)
                0x000046d4                _init_box
 .text.rt_alloc_box
                0x0000472c       0x1c C:/ProgramData/MATLAB/SupportPackages/R2022a/3P.instrset/cmsis.instrset/CMSIS/RTOS/RTX/LIB/GCC/libRTX_CM4.a(rt_membox.o)
                0x0000472c                rt_alloc_box
 .text.rt_free_box
                0x00004748       0x28 C:/ProgramData/MATLAB/SupportPackages/R2022a/3P.instrset/cmsis.instrset/CMSIS/RTOS/RTX/LIB/GCC/libRTX_CM4.a(rt_membox.o)
                0x00004748                rt_free_box
 .text.rt_sem_psh
                0x00004770       0x34 C:/ProgramData/MATLAB/SupportPackages/R2022a/3P.instrset/cmsis.instrset/CMSIS/RTOS/RTX/LIB/GCC/libRTX_CM4.a(rt_semaphore.o)
                0x00004770                rt_sem_psh
 .text.rt_mbx_init
                0x000047a4       0x18 C:/ProgramData/MATLAB/SupportPackages/R2022a/3P.instrset/cmsis.instrset/CMSIS/RTOS/RTX/LIB/GCC/libRTX_CM4.a(rt_mailbox.o)
                0x000047a4                rt_mbx_init
 .text.rt_mbx_wait
                0x000047bc       0xa8 C:/ProgramData/MATLAB/SupportPackages/R2022a/3P.instrset/cmsis.instrset/CMSIS/RTOS/RTX/LIB/GCC/libRTX_CM4.a(rt_mailbox.o)
                0x000047bc                rt_mbx_wait
 .text.rt_mbx_check
                0x00004864        0x8 C:/ProgramData/MATLAB/SupportPackages/R2022a/3P.instrset/cmsis.instrset/CMSIS/RTOS/RTX/LIB/GCC/libRTX_CM4.a(rt_mailbox.o)
                0x00004864                rt_mbx_check
 .text.isr_mbx_send
                0x0000486c       0x10 C:/ProgramData/MATLAB/SupportPackages/R2022a/3P.instrset/cmsis.instrset/CMSIS/RTOS/RTX/LIB/GCC/libRTX_CM4.a(rt_mailbox.o)
                0x0000486c                isr_mbx_send
 .text.rt_mbx_psh
                0x0000487c       0xe8 C:/ProgramData/MATLAB/SupportPackages/R2022a/3P.instrset/cmsis.instrset/CMSIS/RTOS/RTX/LIB/GCC/libRTX_CM4.a(rt_mailbox.o)
                0x0000487c                rt_mbx_psh
 .text.rt_put_prio
                0x00004964       0x50 C:/ProgramData/MATLAB/SupportPackages/R2022a/3P.instrset/cmsis.instrset/CMSIS/RTOS/RTX/LIB/GCC/libRTX_CM4.a(rt_list.o)
                0x00004964                rt_put_prio
 .text.rt_get_first
                0x000049b4       0x28 C:/ProgramData/MATLAB/SupportPackages/R2022a/3P.instrset/cmsis.instrset/CMSIS/RTOS/RTX/LIB/GCC/libRTX_CM4.a(rt_list.o)
                0x000049b4                rt_get_first
 .text.rt_put_rdy_first
                0x000049dc       0x14 C:/ProgramData/MATLAB/SupportPackages/R2022a/3P.instrset/cmsis.instrset/CMSIS/RTOS/RTX/LIB/GCC/libRTX_CM4.a(rt_list.o)
                0x000049dc                rt_put_rdy_first
 .text.rt_resort_prio
                0x000049f0       0xac C:/ProgramData/MATLAB/SupportPackages/R2022a/3P.instrset/cmsis.instrset/CMSIS/RTOS/RTX/LIB/GCC/libRTX_CM4.a(rt_list.o)
                0x000049f0                rt_resort_prio
 .text.rt_put_dly
                0x00004a9c       0x60 C:/ProgramData/MATLAB/SupportPackages/R2022a/3P.instrset/cmsis.instrset/CMSIS/RTOS/RTX/LIB/GCC/libRTX_CM4.a(rt_list.o)
                0x00004a9c                rt_put_dly
 .text.rt_dec_dly
                0x00004afc       0xbc C:/ProgramData/MATLAB/SupportPackages/R2022a/3P.instrset/cmsis.instrset/CMSIS/RTOS/RTX/LIB/GCC/libRTX_CM4.a(rt_list.o)
                0x00004afc                rt_dec_dly
 .text.rt_rmv_list
                0x00004bb8       0x2c C:/ProgramData/MATLAB/SupportPackages/R2022a/3P.instrset/cmsis.instrset/CMSIS/RTOS/RTX/LIB/GCC/libRTX_CM4.a(rt_list.o)
                0x00004bb8                rt_rmv_list
 .text.rt_rmv_dly
                0x00004be4       0x30 C:/ProgramData/MATLAB/SupportPackages/R2022a/3P.instrset/cmsis.instrset/CMSIS/RTOS/RTX/LIB/GCC/libRTX_CM4.a(rt_list.o)
                0x00004be4                rt_rmv_dly
 .text.rt_psq_enq
                0x00004c14       0x44 C:/ProgramData/MATLAB/SupportPackages/R2022a/3P.instrset/cmsis.instrset/CMSIS/RTOS/RTX/LIB/GCC/libRTX_CM4.a(rt_list.o)
                0x00004c14                rt_psq_enq
 .text.rt_evt_wait
                0x00004c58       0x44 C:/ProgramData/MATLAB/SupportPackages/R2022a/3P.instrset/cmsis.instrset/CMSIS/RTOS/RTX/LIB/GCC/libRTX_CM4.a(rt_event.o)
                0x00004c58                rt_evt_wait
 .text.rt_evt_set
                0x00004c9c       0x58 C:/ProgramData/MATLAB/SupportPackages/R2022a/3P.instrset/cmsis.instrset/CMSIS/RTOS/RTX/LIB/GCC/libRTX_CM4.a(rt_event.o)
                0x00004c9c                rt_evt_set
 .text.rt_evt_clr
                0x00004cf4       0x18 C:/ProgramData/MATLAB/SupportPackages/R2022a/3P.instrset/cmsis.instrset/CMSIS/RTOS/RTX/LIB/GCC/libRTX_CM4.a(rt_event.o)
                0x00004cf4                rt_evt_clr
 .text.isr_evt_set
                0x00004d0c       0x24 C:/ProgramData/MATLAB/SupportPackages/R2022a/3P.instrset/cmsis.instrset/CMSIS/RTOS/RTX/LIB/GCC/libRTX_CM4.a(rt_event.o)
                0x00004d0c                isr_evt_set
 .text.rt_evt_psh
                0x00004d30       0x50 C:/ProgramData/MATLAB/SupportPackages/R2022a/3P.instrset/cmsis.instrset/CMSIS/RTOS/RTX/LIB/GCC/libRTX_CM4.a(rt_event.o)
                0x00004d30                rt_evt_psh
 .text.rt_psh_req
                0x00004d80       0x20 C:/ProgramData/MATLAB/SupportPackages/R2022a/3P.instrset/cmsis.instrset/CMSIS/RTOS/RTX/LIB/GCC/libRTX_CM4.a(rt_system.o)
                0x00004d80                rt_psh_req
 .text.rt_pop_req
                0x00004da0       0x9c C:/ProgramData/MATLAB/SupportPackages/R2022a/3P.instrset/cmsis.instrset/CMSIS/RTOS/RTX/LIB/GCC/libRTX_CM4.a(rt_system.o)
                0x00004da0                rt_pop_req
 .text.os_tick_init
                0x00004e3c       0x40 C:/ProgramData/MATLAB/SupportPackages/R2022a/3P.instrset/cmsis.instrset/CMSIS/RTOS/RTX/LIB/GCC/libRTX_CM4.a(rt_system.o)
                0x00004e3c                os_tick_init
 .text.os_tick_irqack
                0x00004e7c        0x4 C:/ProgramData/MATLAB/SupportPackages/R2022a/3P.instrset/cmsis.instrset/CMSIS/RTOS/RTX/LIB/GCC/libRTX_CM4.a(rt_system.o)
                0x00004e7c                os_tick_irqack
 .text.rt_systick
                0x00004e80       0x3c C:/ProgramData/MATLAB/SupportPackages/R2022a/3P.instrset/cmsis.instrset/CMSIS/RTOS/RTX/LIB/GCC/libRTX_CM4.a(rt_system.o)
                0x00004e80                rt_systick
 .text.rt_stk_check
                0x00004ebc       0x24 C:/ProgramData/MATLAB/SupportPackages/R2022a/3P.instrset/cmsis.instrset/CMSIS/RTOS/RTX/LIB/GCC/libRTX_CM4.a(rt_system.o)
                0x00004ebc                rt_stk_check
 .text.rt_switch_req
                0x00004ee0       0x24 C:/ProgramData/MATLAB/SupportPackages/R2022a/3P.instrset/cmsis.instrset/CMSIS/RTOS/RTX/LIB/GCC/libRTX_CM4.a(rt_task.o)
                0x00004ee0                rt_switch_req
 .text.rt_dispatch
                0x00004f04       0x78 C:/ProgramData/MATLAB/SupportPackages/R2022a/3P.instrset/cmsis.instrset/CMSIS/RTOS/RTX/LIB/GCC/libRTX_CM4.a(rt_task.o)
                0x00004f04                rt_dispatch
 .text.rt_block
                0x00004f7c       0x50 C:/ProgramData/MATLAB/SupportPackages/R2022a/3P.instrset/cmsis.instrset/CMSIS/RTOS/RTX/LIB/GCC/libRTX_CM4.a(rt_task.o)
                0x00004f7c                rt_block
 .text.rt_tsk_self
                0x00004fcc       0x10 C:/ProgramData/MATLAB/SupportPackages/R2022a/3P.instrset/cmsis.instrset/CMSIS/RTOS/RTX/LIB/GCC/libRTX_CM4.a(rt_task.o)
                0x00004fcc                rt_tsk_self
 .text.rt_tsk_prio
                0x00004fdc       0xa0 C:/ProgramData/MATLAB/SupportPackages/R2022a/3P.instrset/cmsis.instrset/CMSIS/RTOS/RTX/LIB/GCC/libRTX_CM4.a(rt_task.o)
                0x00004fdc                rt_tsk_prio
 .text.rt_tsk_create
                0x0000507c       0xc8 C:/ProgramData/MATLAB/SupportPackages/R2022a/3P.instrset/cmsis.instrset/CMSIS/RTOS/RTX/LIB/GCC/libRTX_CM4.a(rt_task.o)
                0x0000507c                rt_tsk_create
 .text.rt_tsk_delete
                0x00005144      0x1bc C:/ProgramData/MATLAB/SupportPackages/R2022a/3P.instrset/cmsis.instrset/CMSIS/RTOS/RTX/LIB/GCC/libRTX_CM4.a(rt_task.o)
                0x00005144                rt_tsk_delete
 .text.rt_sys_init
                0x00005300       0xdc C:/ProgramData/MATLAB/SupportPackages/R2022a/3P.instrset/cmsis.instrset/CMSIS/RTOS/RTX/LIB/GCC/libRTX_CM4.a(rt_task.o)
                0x00005300                rt_sys_init
 .text.rt_sys_start
                0x000053dc       0x8c C:/ProgramData/MATLAB/SupportPackages/R2022a/3P.instrset/cmsis.instrset/CMSIS/RTOS/RTX/LIB/GCC/libRTX_CM4.a(rt_task.o)
                0x000053dc                rt_sys_start
 .text.OSA_TimeInit
                0x00005468       0x40 C:/ProgramData/MATLAB/SupportPackages/R2022a/toolbox/target/supportpackages/freedomk64f/src/ksdk_armgcc_lib/bm/libksdk_platform.a(fsl_os_abstraction_bm.o)
                0x00005468                OSA_TimeInit
 .text.OSA_SemaPost
                0x000054a8       0x3c C:/ProgramData/MATLAB/SupportPackages/R2022a/toolbox/target/supportpackages/freedomk64f/src/ksdk_armgcc_lib/bm/libksdk_platform.a(fsl_os_abstraction_bm.o)
                0x000054a8                OSA_SemaPost
 .text.task_init
                0x000054e4       0x38 C:/ProgramData/MATLAB/SupportPackages/R2022a/toolbox/target/supportpackages/freedomk64f/src/ksdk_armgcc_lib/bm/libksdk_platform.a(fsl_os_abstraction_bm.o)
                0x000054e4                task_init
 .text.OSA_Init
                0x0000551c        0xe C:/ProgramData/MATLAB/SupportPackages/R2022a/toolbox/target/supportpackages/freedomk64f/src/ksdk_armgcc_lib/bm/libksdk_platform.a(fsl_os_abstraction_bm.o)
                0x0000551c                OSA_Init
 *fill*         0x0000552a        0x2 
 .text.CLOCK_SYS_SetMcgPeeToFbe
                0x0000552c       0x34 C:/ProgramData/MATLAB/SupportPackages/R2022a/toolbox/target/supportpackages/freedomk64f/src/ksdk_armgcc_lib/bm/libksdk_platform.a(fsl_clock_manager.o)
 .text.CLOCK_SYS_SetMcgMode
                0x00005560      0x124 C:/ProgramData/MATLAB/SupportPackages/R2022a/toolbox/target/supportpackages/freedomk64f/src/ksdk_armgcc_lib/bm/libksdk_platform.a(fsl_clock_manager.o)
                0x00005560                CLOCK_SYS_SetMcgMode
 .text.CLOCK_SYS_SetOscerConfigration
                0x00005684       0x20 C:/ProgramData/MATLAB/SupportPackages/R2022a/toolbox/target/supportpackages/freedomk64f/src/ksdk_armgcc_lib/bm/libksdk_platform.a(fsl_clock_manager.o)
                0x00005684                CLOCK_SYS_SetOscerConfigration
 .text.CLOCK_SYS_OscInit
                0x000056a4       0x98 C:/ProgramData/MATLAB/SupportPackages/R2022a/toolbox/target/supportpackages/freedomk64f/src/ksdk_armgcc_lib/bm/libksdk_platform.a(fsl_clock_manager.o)
                0x000056a4                CLOCK_SYS_OscInit
 .text.CLOCK_SYS_RtcOscInit
                0x0000573c       0x6c C:/ProgramData/MATLAB/SupportPackages/R2022a/toolbox/target/supportpackages/freedomk64f/src/ksdk_armgcc_lib/bm/libksdk_platform.a(fsl_clock_manager.o)
                0x0000573c                CLOCK_SYS_RtcOscInit
 .text.SIM_HAL_EnableClock.constprop.0
                0x000057a8       0x1c C:/ProgramData/MATLAB/SupportPackages/R2022a/toolbox/target/supportpackages/freedomk64f/src/ksdk_armgcc_lib/bm/libksdk_platform.a(fsl_clock_MK64F12.o)
 .text.CLOCK_SYS_GetCoreClockFreq
                0x000057c4       0x24 C:/ProgramData/MATLAB/SupportPackages/R2022a/toolbox/target/supportpackages/freedomk64f/src/ksdk_armgcc_lib/bm/libksdk_platform.a(fsl_clock_MK64F12.o)
                0x000057c4                CLOCK_SYS_GetCoreClockFreq
 .text.CLOCK_SYS_SetConfiguration
                0x000057e8       0x94 C:/ProgramData/MATLAB/SupportPackages/R2022a/toolbox/target/supportpackages/freedomk64f/src/ksdk_armgcc_lib/bm/libksdk_platform.a(fsl_clock_MK64F12.o)
                0x000057e8                CLOCK_SYS_SetConfiguration
 .text.CLOCK_SYS_FllStableDelay
                0x0000587c       0x18 C:/ProgramData/MATLAB/SupportPackages/R2022a/toolbox/target/supportpackages/freedomk64f/src/ksdk_armgcc_lib/bm/libksdk_platform.a(fsl_clock_MK64F12.o)
 .text.CLOCK_SYS_EnablePortClock
                0x00005894       0x30 C:/ProgramData/MATLAB/SupportPackages/R2022a/toolbox/target/supportpackages/freedomk64f/src/ksdk_armgcc_lib/bm/libksdk_platform.a(fsl_clock_MK64F12.o)
                0x00005894                CLOCK_SYS_EnablePortClock
 .text.INT_SYS_EnableIRQGlobal
                0x000058c4       0x14 C:/ProgramData/MATLAB/SupportPackages/R2022a/toolbox/target/supportpackages/freedomk64f/src/ksdk_armgcc_lib/bm/libksdk_platform.a(fsl_interrupt_manager.o)
                0x000058c4                INT_SYS_EnableIRQGlobal
 .text.INT_SYS_DisableIRQGlobal
                0x000058d8       0x10 C:/ProgramData/MATLAB/SupportPackages/R2022a/toolbox/target/supportpackages/freedomk64f/src/ksdk_armgcc_lib/bm/libksdk_platform.a(fsl_interrupt_manager.o)
                0x000058d8                INT_SYS_DisableIRQGlobal
 .text.EDMA_DRV_IRQHandler
                0x000058e8       0x30 C:/ProgramData/MATLAB/SupportPackages/R2022a/toolbox/target/supportpackages/freedomk64f/src/ksdk_armgcc_lib/bm/libksdk_platform.a(fsl_edma_driver.o)
                0x000058e8                EDMA_DRV_IRQHandler
 .text.EDMA_DRV_ErrorIRQHandler
                0x00005918       0x8c C:/ProgramData/MATLAB/SupportPackages/R2022a/toolbox/target/supportpackages/freedomk64f/src/ksdk_armgcc_lib/bm/libksdk_platform.a(fsl_edma_driver.o)
                0x00005918                EDMA_DRV_ErrorIRQHandler
 .text.PORT_HAL_SetMuxMode.part.0
                0x000059a4       0x1c C:/ProgramData/MATLAB/SupportPackages/R2022a/toolbox/target/supportpackages/freedomk64f/src/ksdk_armgcc_lib/bm/libksdk_platform.a(fsl_gpio_driver.o)
 .text.GPIO_DRV_InputPinInit
                0x000059c0       0xe4 C:/ProgramData/MATLAB/SupportPackages/R2022a/toolbox/target/supportpackages/freedomk64f/src/ksdk_armgcc_lib/bm/libksdk_platform.a(fsl_gpio_driver.o)
                0x000059c0                GPIO_DRV_InputPinInit
 .text.GPIO_DRV_OutputPinInit
                0x00005aa4       0x78 C:/ProgramData/MATLAB/SupportPackages/R2022a/toolbox/target/supportpackages/freedomk64f/src/ksdk_armgcc_lib/bm/libksdk_platform.a(fsl_gpio_driver.o)
                0x00005aa4                GPIO_DRV_OutputPinInit
 .text.GPIO_DRV_WritePinOutput
                0x00005b1c       0x1c C:/ProgramData/MATLAB/SupportPackages/R2022a/toolbox/target/supportpackages/freedomk64f/src/ksdk_armgcc_lib/bm/libksdk_platform.a(fsl_gpio_driver.o)
                0x00005b1c                GPIO_DRV_WritePinOutput
 .text.LPTMR_HAL_SetTimerWorkingMode
                0x00005b38       0x3c C:/ProgramData/MATLAB/SupportPackages/R2022a/toolbox/target/supportpackages/freedomk64f/src/ksdk_armgcc_lib/bm/libksdk_platform.a(fsl_lptmr_hal.o)
                0x00005b38                LPTMR_HAL_SetTimerWorkingMode
 .text.LPTMR_HAL_SetPrescalerMode
                0x00005b74       0x1c C:/ProgramData/MATLAB/SupportPackages/R2022a/toolbox/target/supportpackages/freedomk64f/src/ksdk_armgcc_lib/bm/libksdk_platform.a(fsl_lptmr_hal.o)
                0x00005b74                LPTMR_HAL_SetPrescalerMode
 .text.CLOCK_HAL_TestOscFreq
                0x00005b90       0x28 C:/ProgramData/MATLAB/SupportPackages/R2022a/toolbox/target/supportpackages/freedomk64f/src/ksdk_armgcc_lib/bm/libksdk_platform.a(fsl_mcg_hal.o)
                0x00005b90                CLOCK_HAL_TestOscFreq
 .text.CLOCK_HAL_GetMcgExternalClkFreq
                0x00005bb8        0xa C:/ProgramData/MATLAB/SupportPackages/R2022a/toolbox/target/supportpackages/freedomk64f/src/ksdk_armgcc_lib/bm/libksdk_platform.a(fsl_mcg_hal.o)
 .text.CLOCK_HAL_TestFllExternalRefFreq
                0x00005bc2       0x2c C:/ProgramData/MATLAB/SupportPackages/R2022a/toolbox/target/supportpackages/freedomk64f/src/ksdk_armgcc_lib/bm/libksdk_platform.a(fsl_mcg_hal.o)
                0x00005bc2                CLOCK_HAL_TestFllExternalRefFreq
 *fill*         0x00005bee        0x2 
 .text.CLOCK_HAL_GetFllRefClk
                0x00005bf0       0x40 C:/ProgramData/MATLAB/SupportPackages/R2022a/toolbox/target/supportpackages/freedomk64f/src/ksdk_armgcc_lib/bm/libksdk_platform.a(fsl_mcg_hal.o)
                0x00005bf0                CLOCK_HAL_GetFllRefClk
 .text.CLOCK_HAL_TestFllFreq
                0x00005c30       0x34 C:/ProgramData/MATLAB/SupportPackages/R2022a/toolbox/target/supportpackages/freedomk64f/src/ksdk_armgcc_lib/bm/libksdk_platform.a(fsl_mcg_hal.o)
                0x00005c30                CLOCK_HAL_TestFllFreq
 .text.CLOCK_HAL_GetFllClk
                0x00005c64       0x3c C:/ProgramData/MATLAB/SupportPackages/R2022a/toolbox/target/supportpackages/freedomk64f/src/ksdk_armgcc_lib/bm/libksdk_platform.a(fsl_mcg_hal.o)
                0x00005c64                CLOCK_HAL_GetFllClk
 .text.CLOCK_HAL_UpdateFastClkInternalRefDiv
                0x00005ca0       0x58 C:/ProgramData/MATLAB/SupportPackages/R2022a/toolbox/target/supportpackages/freedomk64f/src/ksdk_armgcc_lib/bm/libksdk_platform.a(fsl_mcg_hal.o)
                0x00005ca0                CLOCK_HAL_UpdateFastClkInternalRefDiv
 .text.CLOCK_HAL_GetPll0Clk
                0x00005cf8       0x48 C:/ProgramData/MATLAB/SupportPackages/R2022a/toolbox/target/supportpackages/freedomk64f/src/ksdk_armgcc_lib/bm/libksdk_platform.a(fsl_mcg_hal.o)
                0x00005cf8                CLOCK_HAL_GetPll0Clk
 .text.CLOCK_HAL_EnablePll0InFllMode
                0x00005d40       0x38 C:/ProgramData/MATLAB/SupportPackages/R2022a/toolbox/target/supportpackages/freedomk64f/src/ksdk_armgcc_lib/bm/libksdk_platform.a(fsl_mcg_hal.o)
                0x00005d40                CLOCK_HAL_EnablePll0InFllMode
 .text.CLOCK_HAL_GetInternalRefClk
                0x00005d78       0x40 C:/ProgramData/MATLAB/SupportPackages/R2022a/toolbox/target/supportpackages/freedomk64f/src/ksdk_armgcc_lib/bm/libksdk_platform.a(fsl_mcg_hal.o)
                0x00005d78                CLOCK_HAL_GetInternalRefClk
 .text.CLOCK_HAL_GetOutClk
                0x00005db8       0x22 C:/ProgramData/MATLAB/SupportPackages/R2022a/toolbox/target/supportpackages/freedomk64f/src/ksdk_armgcc_lib/bm/libksdk_platform.a(fsl_mcg_hal.o)
                0x00005db8                CLOCK_HAL_GetOutClk
 .text.CLOCK_HAL_SetOsc0Mode
                0x00005dda       0x24 C:/ProgramData/MATLAB/SupportPackages/R2022a/toolbox/target/supportpackages/freedomk64f/src/ksdk_armgcc_lib/bm/libksdk_platform.a(fsl_mcg_hal.o)
                0x00005dda                CLOCK_HAL_SetOsc0Mode
 *fill*         0x00005dfe        0x2 
 .text.CLOCK_HAL_PrepareOsc
                0x00005e00       0x30 C:/ProgramData/MATLAB/SupportPackages/R2022a/toolbox/target/supportpackages/freedomk64f/src/ksdk_armgcc_lib/bm/libksdk_platform.a(fsl_mcg_hal_modes.o)
 .text.CLOCK_HAL_GetMcgMode
                0x00005e30       0x7c C:/ProgramData/MATLAB/SupportPackages/R2022a/toolbox/target/supportpackages/freedomk64f/src/ksdk_armgcc_lib/bm/libksdk_platform.a(fsl_mcg_hal_modes.o)
                0x00005e30                CLOCK_HAL_GetMcgMode
 .text.CLOCK_HAL_SetFbiMode
                0x00005eac       0xc0 C:/ProgramData/MATLAB/SupportPackages/R2022a/toolbox/target/supportpackages/freedomk64f/src/ksdk_armgcc_lib/bm/libksdk_platform.a(fsl_mcg_hal_modes.o)
                0x00005eac                CLOCK_HAL_SetFbiMode
 .text.CLOCK_HAL_SetFbeMode
                0x00005f6c       0xf0 C:/ProgramData/MATLAB/SupportPackages/R2022a/toolbox/target/supportpackages/freedomk64f/src/ksdk_armgcc_lib/bm/libksdk_platform.a(fsl_mcg_hal_modes.o)
                0x00005f6c                CLOCK_HAL_SetFbeMode
 .text.CLOCK_HAL_SetPbeMode
                0x0000605c       0xd8 C:/ProgramData/MATLAB/SupportPackages/R2022a/toolbox/target/supportpackages/freedomk64f/src/ksdk_armgcc_lib/bm/libksdk_platform.a(fsl_mcg_hal_modes.o)
                0x0000605c                CLOCK_HAL_SetPbeMode
 .text.OSC_HAL_SetCapacitor
                0x00006134        0xe C:/ProgramData/MATLAB/SupportPackages/R2022a/toolbox/target/supportpackages/freedomk64f/src/ksdk_armgcc_lib/bm/libksdk_platform.a(fsl_osc_hal.o)
                0x00006134                OSC_HAL_SetCapacitor
 .text.CLOCK_HAL_SetOutDiv
                0x00006142       0x28 C:/ProgramData/MATLAB/SupportPackages/R2022a/toolbox/target/supportpackages/freedomk64f/src/ksdk_armgcc_lib/bm/libksdk_platform.a(fsl_sim_hal_MK64F12.o)
                0x00006142                CLOCK_HAL_SetOutDiv
 *fill*         0x0000616a        0x2 
 .text.UART_DRV_CompleteSendData
                0x0000616c       0x54 C:/ProgramData/MATLAB/SupportPackages/R2022a/toolbox/target/supportpackages/freedomk64f/src/ksdk_armgcc_lib/bm/libksdk_platform.a(fsl_uart_driver.o)
 .text.UART_DRV_CompleteReceiveData
                0x000061c0       0x5c C:/ProgramData/MATLAB/SupportPackages/R2022a/toolbox/target/supportpackages/freedomk64f/src/ksdk_armgcc_lib/bm/libksdk_platform.a(fsl_uart_driver.o)
 .text.UART_DRV_IRQHandler
                0x0000621c       0xdc C:/ProgramData/MATLAB/SupportPackages/R2022a/toolbox/target/supportpackages/freedomk64f/src/ksdk_armgcc_lib/bm/libksdk_platform.a(fsl_uart_driver.o)
                0x0000621c                UART_DRV_IRQHandler
 .text.EDMA_HAL_SetDmaRequestCmd
                0x000062f8        0xa C:/ProgramData/MATLAB/SupportPackages/R2022a/toolbox/target/supportpackages/freedomk64f/src/ksdk_armgcc_lib/bm/libksdk_platform.a(fsl_edma_hal.o)
                0x000062f8                EDMA_HAL_SetDmaRequestCmd
 *fill*         0x00006302        0x2 
 .text.GPIO_HAL_SetPinDir
                0x00006304       0x34 C:/ProgramData/MATLAB/SupportPackages/R2022a/toolbox/target/supportpackages/freedomk64f/src/ksdk_armgcc_lib/bm/libksdk_platform.a(fsl_gpio_hal.o)
                0x00006304                GPIO_HAL_SetPinDir
 .text.GPIO_HAL_WritePinOutput
                0x00006338       0x30 C:/ProgramData/MATLAB/SupportPackages/R2022a/toolbox/target/supportpackages/freedomk64f/src/ksdk_armgcc_lib/bm/libksdk_platform.a(fsl_gpio_hal.o)
                0x00006338                GPIO_HAL_WritePinOutput
 .text.UART_HAL_Putchar
                0x00006368        0x6 C:/ProgramData/MATLAB/SupportPackages/R2022a/toolbox/target/supportpackages/freedomk64f/src/ksdk_armgcc_lib/bm/libksdk_platform.a(fsl_uart_hal.o)
                0x00006368                UART_HAL_Putchar
 .text.UART_HAL_Getchar
                0x0000636e        0x8 C:/ProgramData/MATLAB/SupportPackages/R2022a/toolbox/target/supportpackages/freedomk64f/src/ksdk_armgcc_lib/bm/libksdk_platform.a(fsl_uart_hal.o)
                0x0000636e                UART_HAL_Getchar
 .text.UART_HAL_SetIntMode
                0x00006376       0x66 C:/ProgramData/MATLAB/SupportPackages/R2022a/toolbox/target/supportpackages/freedomk64f/src/ksdk_armgcc_lib/bm/libksdk_platform.a(fsl_uart_hal.o)
                0x00006376                UART_HAL_SetIntMode
 .text.UART_HAL_GetStatusFlag
                0x000063dc       0x30 C:/ProgramData/MATLAB/SupportPackages/R2022a/toolbox/target/supportpackages/freedomk64f/src/ksdk_armgcc_lib/bm/libksdk_platform.a(fsl_uart_hal.o)
                0x000063dc                UART_HAL_GetStatusFlag
 .text.UART_HAL_ClearStatusFlag
                0x0000640c       0x7a C:/ProgramData/MATLAB/SupportPackages/R2022a/toolbox/target/supportpackages/freedomk64f/src/ksdk_armgcc_lib/bm/libksdk_platform.a(fsl_uart_hal.o)
                0x0000640c                UART_HAL_ClearStatusFlag
 *fill*         0x00006486        0x2 
 .text.ceil     0x00006488      0x100 c:/progra~3/matlab/suppor~1/r2022a/3p778c~1.ins/gnuarm~1.ins/win/bin/../lib/gcc/arm-none-eabi/9.3.1/../../../../arm-none-eabi/lib/thumb/v7e-m+fp/hard\libm.a(lib_a-s_ceil.o)
                0x00006488                ceil
 .text.abort    0x00006588       0x10 c:/progra~3/matlab/suppor~1/r2022a/3p778c~1.ins/gnuarm~1.ins/win/bin/../lib/gcc/arm-none-eabi/9.3.1/../../../../arm-none-eabi/lib/thumb/v7e-m+fp/hard\libg.a(lib_a-abort.o)
                0x00006588                abort
 .text.__assert_func
                0x00006598       0x3c c:/progra~3/matlab/suppor~1/r2022a/3p778c~1.ins/gnuarm~1.ins/win/bin/../lib/gcc/arm-none-eabi/9.3.1/../../../../arm-none-eabi/lib/thumb/v7e-m+fp/hard\libg.a(lib_a-assert.o)
                0x00006598                __assert_func
 .text.atexit   0x000065d4        0xc c:/progra~3/matlab/suppor~1/r2022a/3p778c~1.ins/gnuarm~1.ins/win/bin/../lib/gcc/arm-none-eabi/9.3.1/../../../../arm-none-eabi/lib/thumb/v7e-m+fp/hard\libg.a(lib_a-atexit.o)
                0x000065d4                atexit
 .text.__errno  0x000065e0        0xc c:/progra~3/matlab/suppor~1/r2022a/3p778c~1.ins/gnuarm~1.ins/win/bin/../lib/gcc/arm-none-eabi/9.3.1/../../../../arm-none-eabi/lib/thumb/v7e-m+fp/hard\libg.a(lib_a-errno.o)
                0x000065e0                __errno
 .text.exit     0x000065ec       0x20 c:/progra~3/matlab/suppor~1/r2022a/3p778c~1.ins/gnuarm~1.ins/win/bin/../lib/gcc/arm-none-eabi/9.3.1/../../../../arm-none-eabi/lib/thumb/v7e-m+fp/hard\libg.a(lib_a-exit.o)
                0x000065ec                exit
 .text.__libc_fini_array
                0x0000660c       0x2c c:/progra~3/matlab/suppor~1/r2022a/3p778c~1.ins/gnuarm~1.ins/win/bin/../lib/gcc/arm-none-eabi/9.3.1/../../../../arm-none-eabi/lib/thumb/v7e-m+fp/hard\libg.a(lib_a-fini.o)
                0x0000660c                __libc_fini_array
 .text.fiprintf
                0x00006638       0x28 c:/progra~3/matlab/suppor~1/r2022a/3p778c~1.ins/gnuarm~1.ins/win/bin/../lib/gcc/arm-none-eabi/9.3.1/../../../../arm-none-eabi/lib/thumb/v7e-m+fp/hard\libg.a(lib_a-fiprintf.o)
                0x00006638                fiprintf
 .text.__libc_init_array
                0x00006660       0x48 c:/progra~3/matlab/suppor~1/r2022a/3p778c~1.ins/gnuarm~1.ins/win/bin/../lib/gcc/arm-none-eabi/9.3.1/../../../../arm-none-eabi/lib/thumb/v7e-m+fp/hard\libg.a(lib_a-init.o)
                0x00006660                __libc_init_array
 .text._malloc_r
                0x000066a8      0x574 c:/progra~3/matlab/suppor~1/r2022a/3p778c~1.ins/gnuarm~1.ins/win/bin/../lib/gcc/arm-none-eabi/9.3.1/../../../../arm-none-eabi/lib/thumb/v7e-m+fp/hard\libg.a(lib_a-mallocr.o)
                0x000066a8                _malloc_r
 .text.memset   0x00006c1c       0xa0 c:/progra~3/matlab/suppor~1/r2022a/3p778c~1.ins/gnuarm~1.ins/win/bin/../lib/gcc/arm-none-eabi/9.3.1/../../../../arm-none-eabi/lib/thumb/v7e-m+fp/hard\libg.a(lib_a-memset.o)
                0x00006c1c                memset
 .text.__malloc_lock
                0x00006cbc        0xc c:/progra~3/matlab/suppor~1/r2022a/3p778c~1.ins/gnuarm~1.ins/win/bin/../lib/gcc/arm-none-eabi/9.3.1/../../../../arm-none-eabi/lib/thumb/v7e-m+fp/hard\libg.a(lib_a-mlock.o)
                0x00006cbc                __malloc_lock
 .text.__malloc_unlock
                0x00006cc8        0xc c:/progra~3/matlab/suppor~1/r2022a/3p778c~1.ins/gnuarm~1.ins/win/bin/../lib/gcc/arm-none-eabi/9.3.1/../../../../arm-none-eabi/lib/thumb/v7e-m+fp/hard\libg.a(lib_a-mlock.o)
                0x00006cc8                __malloc_unlock
 .text._sbrk_r  0x00006cd4       0x24 c:/progra~3/matlab/suppor~1/r2022a/3p778c~1.ins/gnuarm~1.ins/win/bin/../lib/gcc/arm-none-eabi/9.3.1/../../../../arm-none-eabi/lib/thumb/v7e-m+fp/hard\libg.a(lib_a-sbrkr.o)
                0x00006cd4                _sbrk_r
 .text._raise_r
                0x00006cf8       0x58 c:/progra~3/matlab/suppor~1/r2022a/3p778c~1.ins/gnuarm~1.ins/win/bin/../lib/gcc/arm-none-eabi/9.3.1/../../../../arm-none-eabi/lib/thumb/v7e-m+fp/hard\libg.a(lib_a-signal.o)
                0x00006cf8                _raise_r
 .text.raise    0x00006d50       0x10 c:/progra~3/matlab/suppor~1/r2022a/3p778c~1.ins/gnuarm~1.ins/win/bin/../lib/gcc/arm-none-eabi/9.3.1/../../../../arm-none-eabi/lib/thumb/v7e-m+fp/hard\libg.a(lib_a-signal.o)
                0x00006d50                raise
 .text._kill_r  0x00006d60       0x2c c:/progra~3/matlab/suppor~1/r2022a/3p778c~1.ins/gnuarm~1.ins/win/bin/../lib/gcc/arm-none-eabi/9.3.1/../../../../arm-none-eabi/lib/thumb/v7e-m+fp/hard\libg.a(lib_a-signalr.o)
                0x00006d60                _kill_r
 .text._getpid_r
                0x00006d8c        0x4 c:/progra~3/matlab/suppor~1/r2022a/3p778c~1.ins/gnuarm~1.ins/win/bin/../lib/gcc/arm-none-eabi/9.3.1/../../../../arm-none-eabi/lib/thumb/v7e-m+fp/hard\libg.a(lib_a-signalr.o)
                0x00006d8c                _getpid_r
 .text.__sprint_r.part.0
                0x00006d90       0x78 c:/progra~3/matlab/suppor~1/r2022a/3p778c~1.ins/gnuarm~1.ins/win/bin/../lib/gcc/arm-none-eabi/9.3.1/../../../../arm-none-eabi/lib/thumb/v7e-m+fp/hard\libg.a(lib_a-vfiprintf.o)
 .text._vfiprintf_r
                0x00006e08      0xd4c c:/progra~3/matlab/suppor~1/r2022a/3p778c~1.ins/gnuarm~1.ins/win/bin/../lib/gcc/arm-none-eabi/9.3.1/../../../../arm-none-eabi/lib/thumb/v7e-m+fp/hard\libg.a(lib_a-vfiprintf.o)
                0x00006e08                _vfiprintf_r
 .text.__sbprintf
                0x00007b54       0x84 c:/progra~3/matlab/suppor~1/r2022a/3p778c~1.ins/gnuarm~1.ins/win/bin/../lib/gcc/arm-none-eabi/9.3.1/../../../../arm-none-eabi/lib/thumb/v7e-m+fp/hard\libg.a(lib_a-vfiprintf.o)
 .text.__swsetup_r
                0x00007bd8       0xd0 c:/progra~3/matlab/suppor~1/r2022a/3p778c~1.ins/gnuarm~1.ins/win/bin/../lib/gcc/arm-none-eabi/9.3.1/../../../../arm-none-eabi/lib/thumb/v7e-m+fp/hard\libg.a(lib_a-wsetup.o)
                0x00007bd8                __swsetup_r
 .text.__register_exitproc
                0x00007ca8       0x8c c:/progra~3/matlab/suppor~1/r2022a/3p778c~1.ins/gnuarm~1.ins/win/bin/../lib/gcc/arm-none-eabi/9.3.1/../../../../arm-none-eabi/lib/thumb/v7e-m+fp/hard\libg.a(lib_a-__atexit.o)
                0x00007ca8                __register_exitproc
 .text.startup.register_fini
                0x00007d34       0x14 c:/progra~3/matlab/suppor~1/r2022a/3p778c~1.ins/gnuarm~1.ins/win/bin/../lib/gcc/arm-none-eabi/9.3.1/../../../../arm-none-eabi/lib/thumb/v7e-m+fp/hard\libg.a(lib_a-__call_atexit.o)
 .text.__call_exitprocs
                0x00007d48       0xcc c:/progra~3/matlab/suppor~1/r2022a/3p778c~1.ins/gnuarm~1.ins/win/bin/../lib/gcc/arm-none-eabi/9.3.1/../../../../arm-none-eabi/lib/thumb/v7e-m+fp/hard\libg.a(lib_a-__call_atexit.o)
                0x00007d48                __call_exitprocs
 .text.__sflush_r
                0x00007e14      0x130 c:/progra~3/matlab/suppor~1/r2022a/3p778c~1.ins/gnuarm~1.ins/win/bin/../lib/gcc/arm-none-eabi/9.3.1/../../../../arm-none-eabi/lib/thumb/v7e-m+fp/hard\libg.a(lib_a-fflush.o)
                0x00007e14                __sflush_r
 .text._fflush_r
                0x00007f44       0x5c c:/progra~3/matlab/suppor~1/r2022a/3p778c~1.ins/gnuarm~1.ins/win/bin/../lib/gcc/arm-none-eabi/9.3.1/../../../../arm-none-eabi/lib/thumb/v7e-m+fp/hard\libg.a(lib_a-fflush.o)
                0x00007f44                _fflush_r
 .text.std      0x00007fa0       0x50 c:/progra~3/matlab/suppor~1/r2022a/3p778c~1.ins/gnuarm~1.ins/win/bin/../lib/gcc/arm-none-eabi/9.3.1/../../../../arm-none-eabi/lib/thumb/v7e-m+fp/hard\libg.a(lib_a-findfp.o)
 .text._cleanup_r
                0x00007ff0        0xc c:/progra~3/matlab/suppor~1/r2022a/3p778c~1.ins/gnuarm~1.ins/win/bin/../lib/gcc/arm-none-eabi/9.3.1/../../../../arm-none-eabi/lib/thumb/v7e-m+fp/hard\libg.a(lib_a-findfp.o)
                0x00007ff0                _cleanup_r
 .text.__sinit  0x00007ffc       0x54 c:/progra~3/matlab/suppor~1/r2022a/3p778c~1.ins/gnuarm~1.ins/win/bin/../lib/gcc/arm-none-eabi/9.3.1/../../../../arm-none-eabi/lib/thumb/v7e-m+fp/hard\libg.a(lib_a-findfp.o)
                0x00007ffc                __sinit
 .text.__sfp_lock_acquire
                0x00008050        0xc c:/progra~3/matlab/suppor~1/r2022a/3p778c~1.ins/gnuarm~1.ins/win/bin/../lib/gcc/arm-none-eabi/9.3.1/../../../../arm-none-eabi/lib/thumb/v7e-m+fp/hard\libg.a(lib_a-findfp.o)
                0x00008050                __sfp_lock_acquire
 .text.__sfp_lock_release
                0x0000805c        0xc c:/progra~3/matlab/suppor~1/r2022a/3p778c~1.ins/gnuarm~1.ins/win/bin/../lib/gcc/arm-none-eabi/9.3.1/../../../../arm-none-eabi/lib/thumb/v7e-m+fp/hard\libg.a(lib_a-findfp.o)
                0x0000805c                __sfp_lock_release
 .text.__fputwc
                0x00008068       0xa8 c:/progra~3/matlab/suppor~1/r2022a/3p778c~1.ins/gnuarm~1.ins/win/bin/../lib/gcc/arm-none-eabi/9.3.1/../../../../arm-none-eabi/lib/thumb/v7e-m+fp/hard\libg.a(lib_a-fputwc.o)
                0x00008068                __fputwc
 .text._fputwc_r
                0x00008110       0x68 c:/progra~3/matlab/suppor~1/r2022a/3p778c~1.ins/gnuarm~1.ins/win/bin/../lib/gcc/arm-none-eabi/9.3.1/../../../../arm-none-eabi/lib/thumb/v7e-m+fp/hard\libg.a(lib_a-fputwc.o)
                0x00008110                _fputwc_r
 .text._malloc_trim_r
                0x00008178       0xa0 c:/progra~3/matlab/suppor~1/r2022a/3p778c~1.ins/gnuarm~1.ins/win/bin/../lib/gcc/arm-none-eabi/9.3.1/../../../../arm-none-eabi/lib/thumb/v7e-m+fp/hard\libg.a(lib_a-freer.o)
                0x00008178                _malloc_trim_r
 .text._free_r  0x00008218      0x208 c:/progra~3/matlab/suppor~1/r2022a/3p778c~1.ins/gnuarm~1.ins/win/bin/../lib/gcc/arm-none-eabi/9.3.1/../../../../arm-none-eabi/lib/thumb/v7e-m+fp/hard\libg.a(lib_a-freer.o)
                0x00008218                _free_r
 .text.__sfvwrite_r
                0x00008420      0x2e0 c:/progra~3/matlab/suppor~1/r2022a/3p778c~1.ins/gnuarm~1.ins/win/bin/../lib/gcc/arm-none-eabi/9.3.1/../../../../arm-none-eabi/lib/thumb/v7e-m+fp/hard\libg.a(lib_a-fvwrite.o)
                0x00008420                __sfvwrite_r
 .text._fwalk_reent
                0x00008700       0x48 c:/progra~3/matlab/suppor~1/r2022a/3p778c~1.ins/gnuarm~1.ins/win/bin/../lib/gcc/arm-none-eabi/9.3.1/../../../../arm-none-eabi/lib/thumb/v7e-m+fp/hard\libg.a(lib_a-fwalk.o)
                0x00008700                _fwalk_reent
 .text.__locale_mb_cur_max
                0x00008748        0xc c:/progra~3/matlab/suppor~1/r2022a/3p778c~1.ins/gnuarm~1.ins/win/bin/../lib/gcc/arm-none-eabi/9.3.1/../../../../arm-none-eabi/lib/thumb/v7e-m+fp/hard\libg.a(lib_a-locale.o)
                0x00008748                __locale_mb_cur_max
 .text._localeconv_r
                0x00008754        0x8 c:/progra~3/matlab/suppor~1/r2022a/3p778c~1.ins/gnuarm~1.ins/win/bin/../lib/gcc/arm-none-eabi/9.3.1/../../../../arm-none-eabi/lib/thumb/v7e-m+fp/hard\libg.a(lib_a-localeconv.o)
                0x00008754                _localeconv_r
 .text.__retarget_lock_init_recursive
                0x0000875c        0x4 c:/progra~3/matlab/suppor~1/r2022a/3p778c~1.ins/gnuarm~1.ins/win/bin/../lib/gcc/arm-none-eabi/9.3.1/../../../../arm-none-eabi/lib/thumb/v7e-m+fp/hard\libg.a(lib_a-lock.o)
                0x0000875c                __retarget_lock_init_recursive
 .text.__retarget_lock_close_recursive
                0x00008760        0x4 c:/progra~3/matlab/suppor~1/r2022a/3p778c~1.ins/gnuarm~1.ins/win/bin/../lib/gcc/arm-none-eabi/9.3.1/../../../../arm-none-eabi/lib/thumb/v7e-m+fp/hard\libg.a(lib_a-lock.o)
                0x00008760                __retarget_lock_close_recursive
 .text.__retarget_lock_acquire_recursive
                0x00008764        0x4 c:/progra~3/matlab/suppor~1/r2022a/3p778c~1.ins/gnuarm~1.ins/win/bin/../lib/gcc/arm-none-eabi/9.3.1/../../../../arm-none-eabi/lib/thumb/v7e-m+fp/hard\libg.a(lib_a-lock.o)
                0x00008764                __retarget_lock_acquire_recursive
 .text.__retarget_lock_release_recursive
                0x00008768        0x4 c:/progra~3/matlab/suppor~1/r2022a/3p778c~1.ins/gnuarm~1.ins/win/bin/../lib/gcc/arm-none-eabi/9.3.1/../../../../arm-none-eabi/lib/thumb/v7e-m+fp/hard\libg.a(lib_a-lock.o)
                0x00008768                __retarget_lock_release_recursive
 .text.__swhatbuf_r
                0x0000876c       0x5c c:/progra~3/matlab/suppor~1/r2022a/3p778c~1.ins/gnuarm~1.ins/win/bin/../lib/gcc/arm-none-eabi/9.3.1/../../../../arm-none-eabi/lib/thumb/v7e-m+fp/hard\libg.a(lib_a-makebuf.o)
                0x0000876c                __swhatbuf_r
 .text.__smakebuf_r
                0x000087c8       0x98 c:/progra~3/matlab/suppor~1/r2022a/3p778c~1.ins/gnuarm~1.ins/win/bin/../lib/gcc/arm-none-eabi/9.3.1/../../../../arm-none-eabi/lib/thumb/v7e-m+fp/hard\libg.a(lib_a-makebuf.o)
                0x000087c8                __smakebuf_r
 .text.__ascii_mbtowc
                0x00008860       0x2c c:/progra~3/matlab/suppor~1/r2022a/3p778c~1.ins/gnuarm~1.ins/win/bin/../lib/gcc/arm-none-eabi/9.3.1/../../../../arm-none-eabi/lib/thumb/v7e-m+fp/hard\libg.a(lib_a-mbtowc_r.o)
                0x00008860                __ascii_mbtowc
 .text.memmove  0x0000888c       0xd8 c:/progra~3/matlab/suppor~1/r2022a/3p778c~1.ins/gnuarm~1.ins/win/bin/../lib/gcc/arm-none-eabi/9.3.1/../../../../arm-none-eabi/lib/thumb/v7e-m+fp/hard\libg.a(lib_a-memmove.o)
                0x0000888c                memmove
 .text._realloc_r
                0x00008964      0x3e0 c:/progra~3/matlab/suppor~1/r2022a/3p778c~1.ins/gnuarm~1.ins/win/bin/../lib/gcc/arm-none-eabi/9.3.1/../../../../arm-none-eabi/lib/thumb/v7e-m+fp/hard\libg.a(lib_a-reallocr.o)
                0x00008964                _realloc_r
 .text.__sread  0x00008d44       0x24 c:/progra~3/matlab/suppor~1/r2022a/3p778c~1.ins/gnuarm~1.ins/win/bin/../lib/gcc/arm-none-eabi/9.3.1/../../../../arm-none-eabi/lib/thumb/v7e-m+fp/hard\libg.a(lib_a-stdio.o)
                0x00008d44                __sread
 .text.__swrite
                0x00008d68       0x40 c:/progra~3/matlab/suppor~1/r2022a/3p778c~1.ins/gnuarm~1.ins/win/bin/../lib/gcc/arm-none-eabi/9.3.1/../../../../arm-none-eabi/lib/thumb/v7e-m+fp/hard\libg.a(lib_a-stdio.o)
                0x00008d68                __swrite
 .text.__sseek  0x00008da8       0x20 c:/progra~3/matlab/suppor~1/r2022a/3p778c~1.ins/gnuarm~1.ins/win/bin/../lib/gcc/arm-none-eabi/9.3.1/../../../../arm-none-eabi/lib/thumb/v7e-m+fp/hard\libg.a(lib_a-stdio.o)
                0x00008da8                __sseek
 .text.__sclose
                0x00008dc8        0x8 c:/progra~3/matlab/suppor~1/r2022a/3p778c~1.ins/gnuarm~1.ins/win/bin/../lib/gcc/arm-none-eabi/9.3.1/../../../../arm-none-eabi/lib/thumb/v7e-m+fp/hard\libg.a(lib_a-stdio.o)
                0x00008dc8                __sclose
 .text.strncpy  0x00008dd0       0x68 c:/progra~3/matlab/suppor~1/r2022a/3p778c~1.ins/gnuarm~1.ins/win/bin/../lib/gcc/arm-none-eabi/9.3.1/../../../../arm-none-eabi/lib/thumb/v7e-m+fp/hard\libg.a(lib_a-strncpy.o)
                0x00008dd0                strncpy
 .text.__swbuf_r
                0x00008e38       0xb0 c:/progra~3/matlab/suppor~1/r2022a/3p778c~1.ins/gnuarm~1.ins/win/bin/../lib/gcc/arm-none-eabi/9.3.1/../../../../arm-none-eabi/lib/thumb/v7e-m+fp/hard\libg.a(lib_a-wbuf.o)
                0x00008e38                __swbuf_r
 .text._wcrtomb_r
                0x00008ee8       0x3c c:/progra~3/matlab/suppor~1/r2022a/3p778c~1.ins/gnuarm~1.ins/win/bin/../lib/gcc/arm-none-eabi/9.3.1/../../../../arm-none-eabi/lib/thumb/v7e-m+fp/hard\libg.a(lib_a-wcrtomb.o)
                0x00008ee8                _wcrtomb_r
 .text.__ascii_wctomb
                0x00008f24       0x1c c:/progra~3/matlab/suppor~1/r2022a/3p778c~1.ins/gnuarm~1.ins/win/bin/../lib/gcc/arm-none-eabi/9.3.1/../../../../arm-none-eabi/lib/thumb/v7e-m+fp/hard\libg.a(lib_a-wctomb_r.o)
                0x00008f24                __ascii_wctomb
 .text._write_r
                0x00008f40       0x2c c:/progra~3/matlab/suppor~1/r2022a/3p778c~1.ins/gnuarm~1.ins/win/bin/../lib/gcc/arm-none-eabi/9.3.1/../../../../arm-none-eabi/lib/thumb/v7e-m+fp/hard\libg.a(lib_a-writer.o)
                0x00008f40                _write_r
 .text._close_r
                0x00008f6c       0x24 c:/progra~3/matlab/suppor~1/r2022a/3p778c~1.ins/gnuarm~1.ins/win/bin/../lib/gcc/arm-none-eabi/9.3.1/../../../../arm-none-eabi/lib/thumb/v7e-m+fp/hard\libg.a(lib_a-closer.o)
                0x00008f6c                _close_r
 .text._fclose_r
                0x00008f90       0xcc c:/progra~3/matlab/suppor~1/r2022a/3p778c~1.ins/gnuarm~1.ins/win/bin/../lib/gcc/arm-none-eabi/9.3.1/../../../../arm-none-eabi/lib/thumb/v7e-m+fp/hard\libg.a(lib_a-fclose.o)
                0x00008f90                _fclose_r
 .text._fstat_r
                0x0000905c       0x2c c:/progra~3/matlab/suppor~1/r2022a/3p778c~1.ins/gnuarm~1.ins/win/bin/../lib/gcc/arm-none-eabi/9.3.1/../../../../arm-none-eabi/lib/thumb/v7e-m+fp/hard\libg.a(lib_a-fstatr.o)
                0x0000905c                _fstat_r
 .text._isatty_r
                0x00009088       0x24 c:/progra~3/matlab/suppor~1/r2022a/3p778c~1.ins/gnuarm~1.ins/win/bin/../lib/gcc/arm-none-eabi/9.3.1/../../../../arm-none-eabi/lib/thumb/v7e-m+fp/hard\libg.a(lib_a-isattyr.o)
                0x00009088                _isatty_r
 .text._lseek_r
                0x000090ac       0x2c c:/progra~3/matlab/suppor~1/r2022a/3p778c~1.ins/gnuarm~1.ins/win/bin/../lib/gcc/arm-none-eabi/9.3.1/../../../../arm-none-eabi/lib/thumb/v7e-m+fp/hard\libg.a(lib_a-lseekr.o)
                0x000090ac                _lseek_r
 .text._read_r  0x000090d8       0x2c c:/progra~3/matlab/suppor~1/r2022a/3p778c~1.ins/gnuarm~1.ins/win/bin/../lib/gcc/arm-none-eabi/9.3.1/../../../../arm-none-eabi/lib/thumb/v7e-m+fp/hard\libg.a(lib_a-readr.o)
                0x000090d8                _read_r
 .text._close   0x00009104       0x10 c:/progra~3/matlab/suppor~1/r2022a/3p778c~1.ins/gnuarm~1.ins/win/bin/../lib/gcc/arm-none-eabi/9.3.1/../../../../arm-none-eabi/lib/thumb/v7e-m+fp/hard\libnosys.a(close.o)
                0x00009104                _close
 .text._fstat   0x00009114       0x10 c:/progra~3/matlab/suppor~1/r2022a/3p778c~1.ins/gnuarm~1.ins/win/bin/../lib/gcc/arm-none-eabi/9.3.1/../../../../arm-none-eabi/lib/thumb/v7e-m+fp/hard\libnosys.a(fstat.o)
                0x00009114                _fstat
 .text._getpid  0x00009124       0x10 c:/progra~3/matlab/suppor~1/r2022a/3p778c~1.ins/gnuarm~1.ins/win/bin/../lib/gcc/arm-none-eabi/9.3.1/../../../../arm-none-eabi/lib/thumb/v7e-m+fp/hard\libnosys.a(getpid.o)
                0x00009124                _getpid
 .text._isatty  0x00009134       0x10 c:/progra~3/matlab/suppor~1/r2022a/3p778c~1.ins/gnuarm~1.ins/win/bin/../lib/gcc/arm-none-eabi/9.3.1/../../../../arm-none-eabi/lib/thumb/v7e-m+fp/hard\libnosys.a(isatty.o)
                0x00009134                _isatty
 .text._kill    0x00009144       0x10 c:/progra~3/matlab/suppor~1/r2022a/3p778c~1.ins/gnuarm~1.ins/win/bin/../lib/gcc/arm-none-eabi/9.3.1/../../../../arm-none-eabi/lib/thumb/v7e-m+fp/hard\libnosys.a(kill.o)
                0x00009144                _kill
 .text._lseek   0x00009154       0x10 c:/progra~3/matlab/suppor~1/r2022a/3p778c~1.ins/gnuarm~1.ins/win/bin/../lib/gcc/arm-none-eabi/9.3.1/../../../../arm-none-eabi/lib/thumb/v7e-m+fp/hard\libnosys.a(lseek.o)
                0x00009154                _lseek
 .text._read    0x00009164       0x10 c:/progra~3/matlab/suppor~1/r2022a/3p778c~1.ins/gnuarm~1.ins/win/bin/../lib/gcc/arm-none-eabi/9.3.1/../../../../arm-none-eabi/lib/thumb/v7e-m+fp/hard\libnosys.a(read.o)
                0x00009164                _read
 .text._write   0x00009174       0x10 c:/progra~3/matlab/suppor~1/r2022a/3p778c~1.ins/gnuarm~1.ins/win/bin/../lib/gcc/arm-none-eabi/9.3.1/../../../../arm-none-eabi/lib/thumb/v7e-m+fp/hard\libnosys.a(write.o)
                0x00009174                _write
 .text._exit    0x00009184        0x4 c:/progra~3/matlab/suppor~1/r2022a/3p778c~1.ins/gnuarm~1.ins/win/bin/../lib/gcc/arm-none-eabi/9.3.1/../../../../arm-none-eabi/lib/thumb/v7e-m+fp/hard\libnosys.a(_exit.o)
                0x00009184                _exit
 *(.rodata)
 .rodata        0x00009188       0x50 board.o
 *(.rodata*)
 .rodata.AOO_M  0x000091d8        0x4 AOO.o
                0x000091d8                AOO_M
 .rodata.g_defaultClockConfigRun
                0x000091dc       0x16 board.o
                0x000091dc                g_defaultClockConfigRun
 *fill*         0x000091f2        0x2 
 .rodata.__func__.7550
                0x000091f4       0x14 board.o
 .rodata.os_maxtaskrun
                0x00009208        0x2 RTX_Conf_CM.o
                0x00009208                os_maxtaskrun
 *fill*         0x0000920a        0x2 
 .rodata.os_stackinfo
                0x0000920c        0x4 RTX_Conf_CM.o
                0x0000920c                os_stackinfo
 .rodata.os_trv
                0x00009210        0x4 RTX_Conf_CM.o
                0x00009210                os_trv
 .rodata.os_flags
                0x00009214        0x1 RTX_Conf_CM.o
                0x00009214                os_flags
 *fill*         0x00009215        0x3 
 .rodata.os_clockrate
                0x00009218        0x4 RTX_Conf_CM.o
                0x00009218                os_clockrate
 .rodata.mp_tcb_size
                0x0000921c        0x2 RTX_Conf_CM.o
                0x0000921c                mp_tcb_size
 *fill*         0x0000921e        0x2 
 .rodata.mp_stk_size
                0x00009220        0x4 RTX_Conf_CM.o
                0x00009220                mp_stk_size
 .rodata.os_stack_sz
                0x00009224        0x4 RTX_Conf_CM.o
                0x00009224                os_stack_sz
 .rodata.os_fifo_size
                0x00009228        0x1 RTX_Conf_CM.o
                0x00009228                os_fifo_size
 *fill*         0x00009229        0x3 
 .rodata.os_thread_def_osTimerThread
                0x0000922c       0x10 RTX_Conf_CM.o
                0x0000922c                os_thread_def_osTimerThread
 .rodata.os_messageQ_def_osTimerMessageQ
                0x0000923c        0x8 RTX_Conf_CM.o
                0x0000923c                os_messageQ_def_osTimerMessageQ
 .rodata.mp_tmr_size
                0x00009244        0x2 RTX_Conf_CM.o
                0x00009244                mp_tmr_size
 *fill*         0x00009246        0x2 
 .rodata.os_thread_def_main
                0x00009248       0x10 RTX_Conf_CM.o
                0x00009248                os_thread_def_main
 .rodata.OSA_SemaCreate.str1.1
                0x00009258       0x45 C:/ProgramData/MATLAB/SupportPackages/R2022a/toolbox/target/supportpackages/freedomk64f/src/ksdk_armgcc_lib/bm/libksdk_platform.a(fsl_os_abstraction_bm.o)
 .rodata.__func__.9377
                0x0000929d        0xd C:/ProgramData/MATLAB/SupportPackages/R2022a/toolbox/target/supportpackages/freedomk64f/src/ksdk_armgcc_lib/bm/libksdk_platform.a(fsl_os_abstraction_bm.o)
 .rodata.CLOCK_SYS_Init.str1.1
                0x000092aa       0x72 C:/ProgramData/MATLAB/SupportPackages/R2022a/toolbox/target/supportpackages/freedomk64f/src/ksdk_armgcc_lib/bm/libksdk_platform.a(fsl_clock_manager.o)
 .rodata.CLOCK_SYS_OscDeinit.str1.1
                0x0000931c       0x1e C:/ProgramData/MATLAB/SupportPackages/R2022a/toolbox/target/supportpackages/freedomk64f/src/ksdk_armgcc_lib/bm/libksdk_platform.a(fsl_clock_manager.o)
 .rodata.CLOCK_SYS_RtcOscInit.str1.1
                0x0000933a       0x1e C:/ProgramData/MATLAB/SupportPackages/R2022a/toolbox/target/supportpackages/freedomk64f/src/ksdk_armgcc_lib/bm/libksdk_platform.a(fsl_clock_manager.o)
 .rodata.__func__.9466
                0x00009358       0x12 C:/ProgramData/MATLAB/SupportPackages/R2022a/toolbox/target/supportpackages/freedomk64f/src/ksdk_armgcc_lib/bm/libksdk_platform.a(fsl_clock_manager.o)
 .rodata.__func__.9483
                0x0000936a       0x15 C:/ProgramData/MATLAB/SupportPackages/R2022a/toolbox/target/supportpackages/freedomk64f/src/ksdk_armgcc_lib/bm/libksdk_platform.a(fsl_clock_manager.o)
 *fill*         0x0000937f        0x1 
 .rodata.g_oscBase
                0x00009380        0x4 C:/ProgramData/MATLAB/SupportPackages/R2022a/toolbox/target/supportpackages/freedomk64f/src/ksdk_armgcc_lib/bm/libksdk_platform.a(fsl_clock_manager_common.o)
                0x00009380                g_oscBase
 .rodata.CLOCK_SYS_SetConfiguration.str1.1
                0x00009384       0x5c C:/ProgramData/MATLAB/SupportPackages/R2022a/toolbox/target/supportpackages/freedomk64f/src/ksdk_armgcc_lib/bm/libksdk_platform.a(fsl_clock_MK64F12.o)
 .rodata.CLOCK_SYS_EnablePortClock.str1.1
                0x000093e0       0x3a C:/ProgramData/MATLAB/SupportPackages/R2022a/toolbox/target/supportpackages/freedomk64f/src/ksdk_armgcc_lib/bm/libksdk_platform.a(fsl_clock_MK64F12.o)
 .rodata.__func__.9073
                0x0000941a       0x1b C:/ProgramData/MATLAB/SupportPackages/R2022a/toolbox/target/supportpackages/freedomk64f/src/ksdk_armgcc_lib/bm/libksdk_platform.a(fsl_clock_MK64F12.o)
 .rodata.__func__.9228
                0x00009435       0x1a C:/ProgramData/MATLAB/SupportPackages/R2022a/toolbox/target/supportpackages/freedomk64f/src/ksdk_armgcc_lib/bm/libksdk_platform.a(fsl_clock_MK64F12.o)
 .rodata.portGateTable
                0x0000944f        0x5 C:/ProgramData/MATLAB/SupportPackages/R2022a/toolbox/target/supportpackages/freedomk64f/src/ksdk_armgcc_lib/bm/libksdk_platform.a(fsl_clock_MK64F12.o)
 .rodata.g_edmaBase
                0x00009454        0x4 C:/ProgramData/MATLAB/SupportPackages/R2022a/toolbox/target/supportpackages/freedomk64f/src/ksdk_armgcc_lib/bm/libksdk_platform.a(fsl_edma_common.o)
                0x00009454                g_edmaBase
 .rodata.PORT_HAL_SetMuxMode.part.0.str1.1
                0x00009458       0x41 C:/ProgramData/MATLAB/SupportPackages/R2022a/toolbox/target/supportpackages/freedomk64f/src/ksdk_armgcc_lib/bm/libksdk_platform.a(fsl_gpio_driver.o)
 .rodata.GPIO_DRV_InputPinInit.str1.1
                0x00009499       0x7d C:/ProgramData/MATLAB/SupportPackages/R2022a/toolbox/target/supportpackages/freedomk64f/src/ksdk_armgcc_lib/bm/libksdk_platform.a(fsl_gpio_driver.o)
 .rodata.__func__.7544
                0x00009516       0x14 C:/ProgramData/MATLAB/SupportPackages/R2022a/toolbox/target/supportpackages/freedomk64f/src/ksdk_armgcc_lib/bm/libksdk_platform.a(fsl_gpio_driver.o)
 .rodata.__func__.9358
                0x0000952a       0x12 C:/ProgramData/MATLAB/SupportPackages/R2022a/toolbox/target/supportpackages/freedomk64f/src/ksdk_armgcc_lib/bm/libksdk_platform.a(fsl_gpio_driver.o)
 .rodata.fllFactorTable.7763
                0x0000953c       0x10 C:/ProgramData/MATLAB/SupportPackages/R2022a/toolbox/target/supportpackages/freedomk64f/src/ksdk_armgcc_lib/bm/libksdk_platform.a(fsl_mcg_hal.o)
 .rodata.g_rtcBase
                0x0000954c        0x4 C:/ProgramData/MATLAB/SupportPackages/R2022a/toolbox/target/supportpackages/freedomk64f/src/ksdk_armgcc_lib/bm/libksdk_platform.a(fsl_rtc_common.o)
                0x0000954c                g_rtcBase
 .rodata.UART_DRV_StartSendData.str1.1
                0x00009550       0x62 C:/ProgramData/MATLAB/SupportPackages/R2022a/toolbox/target/supportpackages/freedomk64f/src/ksdk_armgcc_lib/bm/libksdk_platform.a(fsl_uart_driver.o)
 .rodata.__func__.10148
                0x000095b2       0x1a C:/ProgramData/MATLAB/SupportPackages/R2022a/toolbox/target/supportpackages/freedomk64f/src/ksdk_armgcc_lib/bm/libksdk_platform.a(fsl_uart_driver.o)
 .rodata.__func__.10162
                0x000095cc       0x1d C:/ProgramData/MATLAB/SupportPackages/R2022a/toolbox/target/supportpackages/freedomk64f/src/ksdk_armgcc_lib/bm/libksdk_platform.a(fsl_uart_driver.o)
 .rodata.GPIO_HAL_SetPinDir.str1.1
                0x000095e9       0x45 C:/ProgramData/MATLAB/SupportPackages/R2022a/toolbox/target/supportpackages/freedomk64f/src/ksdk_armgcc_lib/bm/libksdk_platform.a(fsl_gpio_hal.o)
 .rodata.__func__.7542
                0x0000962e       0x13 C:/ProgramData/MATLAB/SupportPackages/R2022a/toolbox/target/supportpackages/freedomk64f/src/ksdk_armgcc_lib/bm/libksdk_platform.a(fsl_gpio_hal.o)
 .rodata.__func__.7548
                0x00009641       0x18 C:/ProgramData/MATLAB/SupportPackages/R2022a/toolbox/target/supportpackages/freedomk64f/src/ksdk_armgcc_lib/bm/libksdk_platform.a(fsl_gpio_hal.o)
 *fill*         0x00009659        0x3 
 .rodata.g_gpioBase
                0x0000965c       0x14 C:/ProgramData/MATLAB/SupportPackages/R2022a/toolbox/target/supportpackages/freedomk64f/src/ksdk_armgcc_lib/bm/libksdk_platform.a(fsl_gpio_common.o)
                0x0000965c                g_gpioBase
 .rodata.g_portBase
                0x00009670       0x14 C:/ProgramData/MATLAB/SupportPackages/R2022a/toolbox/target/supportpackages/freedomk64f/src/ksdk_armgcc_lib/bm/libksdk_platform.a(fsl_gpio_common.o)
                0x00009670                g_portBase
 .rodata.g_portIrqId
                0x00009684        0x5 C:/ProgramData/MATLAB/SupportPackages/R2022a/toolbox/target/supportpackages/freedomk64f/src/ksdk_armgcc_lib/bm/libksdk_platform.a(fsl_gpio_common.o)
                0x00009684                g_portIrqId
 *fill*         0x00009689        0x3 
 .rodata.g_uartBase
                0x0000968c       0x18 C:/ProgramData/MATLAB/SupportPackages/R2022a/toolbox/target/supportpackages/freedomk64f/src/ksdk_armgcc_lib/bm/libksdk_platform.a(fsl_uart_common.o)
                0x0000968c                g_uartBase
 .rodata.__assert_func.str1.4
                0x000096a4       0x3f c:/progra~3/matlab/suppor~1/r2022a/3p778c~1.ins/gnuarm~1.ins/win/bin/../lib/gcc/arm-none-eabi/9.3.1/../../../../arm-none-eabi/lib/thumb/v7e-m+fp/hard\libg.a(lib_a-assert.o)
                                 0x43 (size before relaxing)
 *fill*         0x000096e3        0x1 
 .rodata._global_impure_ptr
                0x000096e4        0x4 c:/progra~3/matlab/suppor~1/r2022a/3p778c~1.ins/gnuarm~1.ins/win/bin/../lib/gcc/arm-none-eabi/9.3.1/../../../../arm-none-eabi/lib/thumb/v7e-m+fp/hard\libg.a(lib_a-impure.o)
                0x000096e4                _global_impure_ptr
 .rodata._vfiprintf_r.str1.4
                0x000096e8       0x2f c:/progra~3/matlab/suppor~1/r2022a/3p778c~1.ins/gnuarm~1.ins/win/bin/../lib/gcc/arm-none-eabi/9.3.1/../../../../arm-none-eabi/lib/thumb/v7e-m+fp/hard\libg.a(lib_a-vfiprintf.o)
 *fill*         0x00009717        0x1 
 .rodata.blanks.8691
                0x00009718       0x10 c:/progra~3/matlab/suppor~1/r2022a/3p778c~1.ins/gnuarm~1.ins/win/bin/../lib/gcc/arm-none-eabi/9.3.1/../../../../arm-none-eabi/lib/thumb/v7e-m+fp/hard\libg.a(lib_a-vfiprintf.o)
 .rodata.zeroes.8692
                0x00009728       0x10 c:/progra~3/matlab/suppor~1/r2022a/3p778c~1.ins/gnuarm~1.ins/win/bin/../lib/gcc/arm-none-eabi/9.3.1/../../../../arm-none-eabi/lib/thumb/v7e-m+fp/hard\libg.a(lib_a-vfiprintf.o)
 .rodata._setlocale_r.str1.4
                0x00009738        0xa c:/progra~3/matlab/suppor~1/r2022a/3p778c~1.ins/gnuarm~1.ins/win/bin/../lib/gcc/arm-none-eabi/9.3.1/../../../../arm-none-eabi/lib/thumb/v7e-m+fp/hard\libg.a(lib_a-locale.o)
                                  0xd (size before relaxing)
 *fill*         0x00009742        0x2 
 .rodata.str1.4
                0x00009744        0x2 c:/progra~3/matlab/suppor~1/r2022a/3p778c~1.ins/gnuarm~1.ins/win/bin/../lib/gcc/arm-none-eabi/9.3.1/../../../../arm-none-eabi/lib/thumb/v7e-m+fp/hard\libg.a(lib_a-locale.o)
 *fill*         0x00009746        0x2 
 .rodata._ctype_
                0x00009748      0x101 c:/progra~3/matlab/suppor~1/r2022a/3p778c~1.ins/gnuarm~1.ins/win/bin/../lib/gcc/arm-none-eabi/9.3.1/../../../../arm-none-eabi/lib/thumb/v7e-m+fp/hard\libg.a(lib_a-ctype_.o)
                0x00009748                _ctype_
 *(.glue_7)
 .glue_7        0x00009849        0x0 linker stubs
 *(.glue_7t)
 .glue_7t       0x00009849        0x0 linker stubs
 *(.eh_frame)
 *fill*         0x00009849        0x3 
 .eh_frame      0x0000984c        0x0 c:/progra~3/matlab/suppor~1/r2022a/3p778c~1.ins/gnuarm~1.ins/win/bin/../lib/gcc/arm-none-eabi/9.3.1/thumb/v7e-m+fp/hard/crtbegin.o
 *(.init)
 .init          0x0000984c        0x4 c:/progra~3/matlab/suppor~1/r2022a/3p778c~1.ins/gnuarm~1.ins/win/bin/../lib/gcc/arm-none-eabi/9.3.1/thumb/v7e-m+fp/hard/crti.o
                0x0000984c                _init
 .init          0x00009850        0x8 c:/progra~3/matlab/suppor~1/r2022a/3p778c~1.ins/gnuarm~1.ins/win/bin/../lib/gcc/arm-none-eabi/9.3.1/thumb/v7e-m+fp/hard/crtn.o
 *(.fini)
 .fini          0x00009858        0x4 c:/progra~3/matlab/suppor~1/r2022a/3p778c~1.ins/gnuarm~1.ins/win/bin/../lib/gcc/arm-none-eabi/9.3.1/thumb/v7e-m+fp/hard/crti.o
                0x00009858                _fini
 .fini          0x0000985c        0x8 c:/progra~3/matlab/suppor~1/r2022a/3p778c~1.ins/gnuarm~1.ins/win/bin/../lib/gcc/arm-none-eabi/9.3.1/thumb/v7e-m+fp/hard/crtn.o
                0x00009864                . = ALIGN (0x4)

.vfp11_veneer   0x00009864        0x0
 .vfp11_veneer  0x00009864        0x0 linker stubs

.v4_bx          0x00009864        0x0
 .v4_bx         0x00009864        0x0 linker stubs

.iplt           0x00009864        0x0
 .iplt          0x00009864        0x0 c:/progra~3/matlab/suppor~1/r2022a/3p778c~1.ins/gnuarm~1.ins/win/bin/../lib/gcc/arm-none-eabi/9.3.1/thumb/v7e-m+fp/hard/crtbegin.o

.ARM.extab      0x00009864      0x12c
 *(.ARM.extab* .gnu.linkonce.armextab.*)
 .ARM.extab.text.MW_digitalIO_open
                0x00009864        0xc MW_digitalIO.o